Archive member included to satisfy reference by file (symbol)

c:/st/stm32cubeide_1.4.0/stm32cubeide/plugins/com.st.stm32cube.ide.mcu.externaltools.gnu-tools-for-stm32.7-2018-q2-update.win32_1.4.0.202007081208/tools/bin/../lib/gcc/arm-none-eabi/7.3.1/../../../../arm-none-eabi/lib/thumb/v7e-m/fpv4-sp/hard\libc_nano.a(lib_a-errno.o)
                              Core/Src/syscalls.o (__errno)
c:/st/stm32cubeide_1.4.0/stm32cubeide/plugins/com.st.stm32cube.ide.mcu.externaltools.gnu-tools-for-stm32.7-2018-q2-update.win32_1.4.0.202007081208/tools/bin/../lib/gcc/arm-none-eabi/7.3.1/../../../../arm-none-eabi/lib/thumb/v7e-m/fpv4-sp/hard\libc_nano.a(lib_a-exit.o)
                              c:/st/stm32cubeide_1.4.0/stm32cubeide/plugins/com.st.stm32cube.ide.mcu.externaltools.gnu-tools-for-stm32.7-2018-q2-update.win32_1.4.0.202007081208/tools/bin/../lib/gcc/arm-none-eabi/7.3.1/../../../../arm-none-eabi/lib/thumb/v7e-m/fpv4-sp/hard/crt0.o (exit)
c:/st/stm32cubeide_1.4.0/stm32cubeide/plugins/com.st.stm32cube.ide.mcu.externaltools.gnu-tools-for-stm32.7-2018-q2-update.win32_1.4.0.202007081208/tools/bin/../lib/gcc/arm-none-eabi/7.3.1/../../../../arm-none-eabi/lib/thumb/v7e-m/fpv4-sp/hard\libc_nano.a(lib_a-impure.o)
                              c:/st/stm32cubeide_1.4.0/stm32cubeide/plugins/com.st.stm32cube.ide.mcu.externaltools.gnu-tools-for-stm32.7-2018-q2-update.win32_1.4.0.202007081208/tools/bin/../lib/gcc/arm-none-eabi/7.3.1/../../../../arm-none-eabi/lib/thumb/v7e-m/fpv4-sp/hard\libc_nano.a(lib_a-exit.o) (_global_impure_ptr)
c:/st/stm32cubeide_1.4.0/stm32cubeide/plugins/com.st.stm32cube.ide.mcu.externaltools.gnu-tools-for-stm32.7-2018-q2-update.win32_1.4.0.202007081208/tools/bin/../lib/gcc/arm-none-eabi/7.3.1/../../../../arm-none-eabi/lib/thumb/v7e-m/fpv4-sp/hard\libc_nano.a(lib_a-init.o)
                              c:/st/stm32cubeide_1.4.0/stm32cubeide/plugins/com.st.stm32cube.ide.mcu.externaltools.gnu-tools-for-stm32.7-2018-q2-update.win32_1.4.0.202007081208/tools/bin/../lib/gcc/arm-none-eabi/7.3.1/../../../../arm-none-eabi/lib/thumb/v7e-m/fpv4-sp/hard/crt0.o (__libc_init_array)
c:/st/stm32cubeide_1.4.0/stm32cubeide/plugins/com.st.stm32cube.ide.mcu.externaltools.gnu-tools-for-stm32.7-2018-q2-update.win32_1.4.0.202007081208/tools/bin/../lib/gcc/arm-none-eabi/7.3.1/../../../../arm-none-eabi/lib/thumb/v7e-m/fpv4-sp/hard\libc_nano.a(lib_a-memset.o)
                              c:/st/stm32cubeide_1.4.0/stm32cubeide/plugins/com.st.stm32cube.ide.mcu.externaltools.gnu-tools-for-stm32.7-2018-q2-update.win32_1.4.0.202007081208/tools/bin/../lib/gcc/arm-none-eabi/7.3.1/../../../../arm-none-eabi/lib/thumb/v7e-m/fpv4-sp/hard/crt0.o (memset)

Discarded input sections

 .text          0x0000000000000000        0x0 c:/st/stm32cubeide_1.4.0/stm32cubeide/plugins/com.st.stm32cube.ide.mcu.externaltools.gnu-tools-for-stm32.7-2018-q2-update.win32_1.4.0.202007081208/tools/bin/../lib/gcc/arm-none-eabi/7.3.1/thumb/v7e-m/fpv4-sp/hard/crti.o
 .data          0x0000000000000000        0x0 c:/st/stm32cubeide_1.4.0/stm32cubeide/plugins/com.st.stm32cube.ide.mcu.externaltools.gnu-tools-for-stm32.7-2018-q2-update.win32_1.4.0.202007081208/tools/bin/../lib/gcc/arm-none-eabi/7.3.1/thumb/v7e-m/fpv4-sp/hard/crti.o
 .bss           0x0000000000000000        0x0 c:/st/stm32cubeide_1.4.0/stm32cubeide/plugins/com.st.stm32cube.ide.mcu.externaltools.gnu-tools-for-stm32.7-2018-q2-update.win32_1.4.0.202007081208/tools/bin/../lib/gcc/arm-none-eabi/7.3.1/thumb/v7e-m/fpv4-sp/hard/crti.o
 .data          0x0000000000000000        0x4 c:/st/stm32cubeide_1.4.0/stm32cubeide/plugins/com.st.stm32cube.ide.mcu.externaltools.gnu-tools-for-stm32.7-2018-q2-update.win32_1.4.0.202007081208/tools/bin/../lib/gcc/arm-none-eabi/7.3.1/thumb/v7e-m/fpv4-sp/hard/crtbegin.o
 .text          0x0000000000000000       0x74 c:/st/stm32cubeide_1.4.0/stm32cubeide/plugins/com.st.stm32cube.ide.mcu.externaltools.gnu-tools-for-stm32.7-2018-q2-update.win32_1.4.0.202007081208/tools/bin/../lib/gcc/arm-none-eabi/7.3.1/../../../../arm-none-eabi/lib/thumb/v7e-m/fpv4-sp/hard/crt0.o
 .data          0x0000000000000000        0x0 c:/st/stm32cubeide_1.4.0/stm32cubeide/plugins/com.st.stm32cube.ide.mcu.externaltools.gnu-tools-for-stm32.7-2018-q2-update.win32_1.4.0.202007081208/tools/bin/../lib/gcc/arm-none-eabi/7.3.1/../../../../arm-none-eabi/lib/thumb/v7e-m/fpv4-sp/hard/crt0.o
 .bss           0x0000000000000000        0x0 c:/st/stm32cubeide_1.4.0/stm32cubeide/plugins/com.st.stm32cube.ide.mcu.externaltools.gnu-tools-for-stm32.7-2018-q2-update.win32_1.4.0.202007081208/tools/bin/../lib/gcc/arm-none-eabi/7.3.1/../../../../arm-none-eabi/lib/thumb/v7e-m/fpv4-sp/hard/crt0.o
 .ARM.extab     0x0000000000000000        0x0 c:/st/stm32cubeide_1.4.0/stm32cubeide/plugins/com.st.stm32cube.ide.mcu.externaltools.gnu-tools-for-stm32.7-2018-q2-update.win32_1.4.0.202007081208/tools/bin/../lib/gcc/arm-none-eabi/7.3.1/../../../../arm-none-eabi/lib/thumb/v7e-m/fpv4-sp/hard/crt0.o
[...]
Memory Configuration

Name             Origin             Length             Attributes
RAM              0x0000000020000000 0x0000000000018000 xrw
RAM2             0x0000000010000000 0x0000000000008000 xrw
FLASH            0x0000000008000000 0x0000000000100000 xr
*default*        0x0000000000000000 0xffffffffffffffff

Linker script and memory map

LOAD c:/st/stm32cubeide_1.4.0/stm32cubeide/plugins/com.st.stm32cube.ide.mcu.externaltools.gnu-tools-for-stm32.7-2018-q2-update.win32_1.4.0.202007081208/tools/bin/../lib/gcc/arm-none-eabi/7.3.1/thumb/v7e-m/fpv4-sp/hard/crti.o
LOAD c:/st/stm32cubeide_1.4.0/stm32cubeide/plugins/com.st.stm32cube.ide.mcu.externaltools.gnu-tools-for-stm32.7-2018-q2-update.win32_1.4.0.202007081208/tools/bin/../lib/gcc/arm-none-eabi/7.3.1/thumb/v7e-m/fpv4-sp/hard/crtbegin.o
LOAD c:/st/stm32cubeide_1.4.0/stm32cubeide/plugins/com.st.stm32cube.ide.mcu.externaltools.gnu-tools-for-stm32.7-2018-q2-update.win32_1.4.0.202007081208/tools/bin/../lib/gcc/arm-none-eabi/7.3.1/../../../../arm-none-eabi/lib/thumb/v7e-m/fpv4-sp/hard/crt0.o
LOAD Core/Src/clock.o
LOAD Core/Src/gpio.o
LOAD Core/Src/main.o
LOAD Core/Src/spi.o
LOAD Core/Src/stm32l4xx_it.o
LOAD Core/Src/syscalls.o
LOAD Core/Src/sysmem.o
LOAD Core/Src/system_stm32l4xx.o
LOAD Core/Src/usart.o
LOAD Core/Startup/startup_stm32l476rgtx.o
LOAD Drivers/STM32L4xx_HAL_Driver/Src/stm32l4xx_ll_dma.o
LOAD Drivers/STM32L4xx_HAL_Driver/Src/stm32l4xx_ll_exti.o
LOAD Drivers/STM32L4xx_HAL_Driver/Src/stm32l4xx_ll_gpio.o
LOAD Drivers/STM32L4xx_HAL_Driver/Src/stm32l4xx_ll_pwr.o
LOAD Drivers/STM32L4xx_HAL_Driver/Src/stm32l4xx_ll_rcc.o
LOAD Drivers/STM32L4xx_HAL_Driver/Src/stm32l4xx_ll_rtc.o
LOAD Drivers/STM32L4xx_HAL_Driver/Src/stm32l4xx_ll_spi.o
LOAD Drivers/STM32L4xx_HAL_Driver/Src/stm32l4xx_ll_usart.o
LOAD Drivers/STM32L4xx_HAL_Driver/Src/stm32l4xx_ll_utils.o
START GROUP
LOAD c:/st/stm32cubeide_1.4.0/stm32cubeide/plugins/com.st.stm32cube.ide.mcu.externaltools.gnu-tools-for-stm32.7-2018-q2-update.win32_1.4.0.202007081208/tools/bin/../lib/gcc/arm-none-eabi/7.3.1/../../../../arm-none-eabi/lib/thumb/v7e-m/fpv4-sp/hard\libc_nano.a
LOAD c:/st/stm32cubeide_1.4.0/stm32cubeide/plugins/com.st.stm32cube.ide.mcu.externaltools.gnu-tools-for-stm32.7-2018-q2-update.win32_1.4.0.202007081208/tools/bin/../lib/gcc/arm-none-eabi/7.3.1/../../../../arm-none-eabi/lib/thumb/v7e-m/fpv4-sp/hard\libm.a
END GROUP
START GROUP
LOAD c:/st/stm32cubeide_1.4.0/stm32cubeide/plugins/com.st.stm32cube.ide.mcu.externaltools.gnu-tools-for-stm32.7-2018-q2-update.win32_1.4.0.202007081208/tools/bin/../lib/gcc/arm-none-eabi/7.3.1/thumb/v7e-m/fpv4-sp/hard\libgcc.a
LOAD c:/st/stm32cubeide_1.4.0/stm32cubeide/plugins/com.st.stm32cube.ide.mcu.externaltools.gnu-tools-for-stm32.7-2018-q2-update.win32_1.4.0.202007081208/tools/bin/../lib/gcc/arm-none-eabi/7.3.1/../../../../arm-none-eabi/lib/thumb/v7e-m/fpv4-sp/hard\libc_nano.a
END GROUP
START GROUP
LOAD c:/st/stm32cubeide_1.4.0/stm32cubeide/plugins/com.st.stm32cube.ide.mcu.externaltools.gnu-tools-for-stm32.7-2018-q2-update.win32_1.4.0.202007081208/tools/bin/../lib/gcc/arm-none-eabi/7.3.1/thumb/v7e-m/fpv4-sp/hard\libgcc.a
LOAD c:/st/stm32cubeide_1.4.0/stm32cubeide/plugins/com.st.stm32cube.ide.mcu.externaltools.gnu-tools-for-stm32.7-2018-q2-update.win32_1.4.0.202007081208/tools/bin/../lib/gcc/arm-none-eabi/7.3.1/../../../../arm-none-eabi/lib/thumb/v7e-m/fpv4-sp/hard\libc_nano.a
LOAD c:/st/stm32cubeide_1.4.0/stm32cubeide/plugins/com.st.stm32cube.ide.mcu.externaltools.gnu-tools-for-stm32.7-2018-q2-update.win32_1.4.0.202007081208/tools/bin/../lib/gcc/arm-none-eabi/7.3.1/../../../../arm-none-eabi/lib/thumb/v7e-m/fpv4-sp/hard\libnosys.a
END GROUP
START GROUP
LOAD c:/st/stm32cubeide_1.4.0/stm32cubeide/plugins/com.st.stm32cube.ide.mcu.externaltools.gnu-tools-for-stm32.7-2018-q2-update.win32_1.4.0.202007081208/tools/bin/../lib/gcc/arm-none-eabi/7.3.1/thumb/v7e-m/fpv4-sp/hard\libgcc.a
LOAD c:/st/stm32cubeide_1.4.0/stm32cubeide/plugins/com.st.stm32cube.ide.mcu.externaltools.gnu-tools-for-stm32.7-2018-q2-update.win32_1.4.0.202007081208/tools/bin/../lib/gcc/arm-none-eabi/7.3.1/../../../../arm-none-eabi/lib/thumb/v7e-m/fpv4-sp/hard\libc_nano.a
LOAD c:/st/stm32cubeide_1.4.0/stm32cubeide/plugins/com.st.stm32cube.ide.mcu.externaltools.gnu-tools-for-stm32.7-2018-q2-update.win32_1.4.0.202007081208/tools/bin/../lib/gcc/arm-none-eabi/7.3.1/../../../../arm-none-eabi/lib/thumb/v7e-m/fpv4-sp/hard\libnosys.a
END GROUP
LOAD c:/st/stm32cubeide_1.4.0/stm32cubeide/plugins/com.st.stm32cube.ide.mcu.externaltools.gnu-tools-for-stm32.7-2018-q2-update.win32_1.4.0.202007081208/tools/bin/../lib/gcc/arm-none-eabi/7.3.1/thumb/v7e-m/fpv4-sp/hard/crtend.o
LOAD c:/st/stm32cubeide_1.4.0/stm32cubeide/plugins/com.st.stm32cube.ide.mcu.externaltools.gnu-tools-for-stm32.7-2018-q2-update.win32_1.4.0.202007081208/tools/bin/../lib/gcc/arm-none-eabi/7.3.1/thumb/v7e-m/fpv4-sp/hard/crtn.o
                0x0000000020018000                _estack = (ORIGIN (RAM) + LENGTH (RAM))
                0x0000000000000200                _Min_Heap_Size = 0x200
                0x0000000000000400                _Min_Stack_Size = 0x400

.isr_vector     0x0000000008000000      0x188
                0x0000000008000000                . = ALIGN (0x4)
 *(.isr_vector)
 .isr_vector    0x0000000008000000      0x188 Core/Startup/startup_stm32l476rgtx.o
                0x0000000008000000                g_pfnVectors
                0x0000000008000188                . = ALIGN (0x4)

.text           0x0000000008000188     0x1fd0
                0x0000000008000188                . = ALIGN (0x4)
 *(.text)
 .text          0x0000000008000188       0x40 c:/st/stm32cubeide_1.4.0/stm32cubeide/plugins/com.st.stm32cube.ide.mcu.externaltools.gnu-tools-for-stm32.7-2018-q2-update.win32_1.4.0.202007081208/tools/bin/../lib/gcc/arm-none-eabi/7.3.1/thumb/v7e-m/fpv4-sp/hard/crtbegin.o
 *(.text*)
 .text.__NVIC_SetPriority
                0x00000000080001c8       0x54 Core/Src/clock.o
 .text.LL_RCC_MSI_Enable
                0x000000000800021c       0x20 Core/Src/clock.o
 .text.LL_RCC_MSI_IsReady
                0x000000000800023c       0x24 Core/Src/clock.o
 .text.LL_RCC_SetSysClkSource
                0x0000000008000260       0x28 Core/Src/clock.o
 .text.LL_RCC_GetSysClkSource
                0x0000000008000288       0x1c Core/Src/clock.o
 .text.LL_RCC_SetAHBPrescaler
                0x00000000080002a4       0x28 Core/Src/clock.o
 .text.LL_RCC_SetAPB1Prescaler
                0x00000000080002cc       0x28 Core/Src/clock.o
 .text.LL_RCC_SetAPB2Prescaler
                0x00000000080002f4       0x28 Core/Src/clock.o
 .text.LL_RCC_PLL_Enable
                0x000000000800031c       0x20 Core/Src/clock.o
 .text.LL_RCC_PLL_IsReady
                0x000000000800033c       0x28 Core/Src/clock.o
 .text.LL_RCC_PLL_ConfigDomain_SYS
                0x0000000008000364       0x40 Core/Src/clock.o
 .text.LL_RCC_PLL_EnableDomain_SYS
                0x00000000080003a4       0x20 Core/Src/clock.o
 .text.LL_PWR_SetRegulVoltageScaling
                0x00000000080003c4       0x28 Core/Src/clock.o
 .text.LL_FLASH_SetLatency
                0x00000000080003ec       0x28 Core/Src/clock.o
 .text.SystemClock_Config_80M
                0x0000000008000414       0x74 Core/Src/clock.o
                0x0000000008000414                SystemClock_Config_80M
 .text.mySystick
                0x0000000008000488       0x40 Core/Src/clock.o
                0x0000000008000488                mySystick
 .text.__NVIC_GetPriorityGrouping
                0x00000000080004c8       0x1c Core/Src/gpio.o
 .text.__NVIC_EnableIRQ
                0x00000000080004e4       0x3c Core/Src/gpio.o
 .text.__NVIC_SetPriority
                0x0000000008000520       0x54 Core/Src/gpio.o
 .text.NVIC_EncodePriority
                0x0000000008000574       0x66 Core/Src/gpio.o
 *fill*         0x00000000080005da        0x2 
 .text.LL_AHB2_GRP1_EnableClock
                0x00000000080005dc       0x30 Core/Src/gpio.o
 .text.LL_GPIO_SetPinMode
                0x000000000800060c       0x7a Core/Src/gpio.o
 .text.LL_GPIO_SetPinPull
                0x0000000008000686       0x7a Core/Src/gpio.o
 .text.LL_GPIO_IsInputPinSet
                0x0000000008000700       0x2a Core/Src/gpio.o
 .text.LL_GPIO_SetOutputPin
                0x000000000800072a       0x1c Core/Src/gpio.o
 .text.LL_GPIO_ResetOutputPin
                0x0000000008000746       0x1c Core/Src/gpio.o
 *fill*         0x0000000008000762        0x2 
 .text.LL_SYSCFG_SetEXTISource
                0x0000000008000764       0x6c Core/Src/gpio.o
 .text.GPIO_init
                0x00000000080007d0      0x140 Core/Src/gpio.o
                0x00000000080007d0                GPIO_init
 .text.LED_GREEN
                0x0000000008000910       0x30 Core/Src/gpio.o
                0x0000000008000910                LED_GREEN
 .text.BLUE_BUTTON
                0x0000000008000940       0x24 Core/Src/gpio.o
                0x0000000008000940                BLUE_BUTTON
 .text.__NVIC_SetPriorityGrouping
                0x0000000008000964       0x48 Core/Src/main.o
 .text.LL_APB1_GRP1_EnableClock
                0x00000000080009ac       0x30 Core/Src/main.o
 .text.LL_APB2_GRP1_EnableClock
                0x00000000080009dc       0x30 Core/Src/main.o
 .text.main     0x0000000008000a0c       0x44 Core/Src/main.o
                0x0000000008000a0c                main
 .text.SysTick_Handler
                0x0000000008000a50       0x80 Core/Src/main.o
                0x0000000008000a50                SysTick_Handler
 .text.LL_AHB2_GRP1_EnableClock
                0x0000000008000ad0       0x30 Core/Src/spi.o
 .text.LL_APB2_GRP1_EnableClock
                0x0000000008000b00       0x30 Core/Src/spi.o
 .text.LL_SPI_SetStandard
                0x0000000008000b30       0x26 Core/Src/spi.o
 .text.LL_SPI_DisableNSSPulseMgt
                0x0000000008000b56       0x20 Core/Src/spi.o
 *fill*         0x0000000008000b76        0x2 
 .text.SPI1_Init
                0x0000000008000b78       0xac Core/Src/spi.o
                0x0000000008000b78                SPI1_Init
 .text.LL_EXTI_IsActiveFlag_0_31
                0x0000000008000c24       0x2c Core/Src/stm32l4xx_it.o
 .text.LL_EXTI_ClearFlag_0_31
                0x0000000008000c50       0x20 Core/Src/stm32l4xx_it.o
 .text.NMI_Handler
                0x0000000008000c70        0xe Core/Src/stm32l4xx_it.o
                0x0000000008000c70                NMI_Handler
 .text.HardFault_Handler
                0x0000000008000c7e        0x6 Core/Src/stm32l4xx_it.o
                0x0000000008000c7e                HardFault_Handler
 .text.MemManage_Handler
                0x0000000008000c84        0x6 Core/Src/stm32l4xx_it.o
                0x0000000008000c84                MemManage_Handler
 .text.BusFault_Handler
                0x0000000008000c8a        0x6 Core/Src/stm32l4xx_it.o
                0x0000000008000c8a                BusFault_Handler
 .text.UsageFault_Handler
                0x0000000008000c90        0x6 Core/Src/stm32l4xx_it.o
                0x0000000008000c90                UsageFault_Handler
 .text.SVC_Handler
                0x0000000008000c96        0xe Core/Src/stm32l4xx_it.o
                0x0000000008000c96                SVC_Handler
 .text.DebugMon_Handler
                0x0000000008000ca4        0xe Core/Src/stm32l4xx_it.o
                0x0000000008000ca4                DebugMon_Handler
 .text.PendSV_Handler
                0x0000000008000cb2        0xe Core/Src/stm32l4xx_it.o
                0x0000000008000cb2                PendSV_Handler
 .text.EXTI0_IRQHandler
                0x0000000008000cc0       0x1a Core/Src/stm32l4xx_it.o
                0x0000000008000cc0                EXTI0_IRQHandler
 *fill*         0x0000000008000cda        0x2 
 .text.SystemInit
                0x0000000008000cdc       0x6c Core/Src/system_stm32l4xx.o
                0x0000000008000cdc                SystemInit
 .text.LL_USART_Enable
                0x0000000008000d48       0x20 Core/Src/usart.o
 .text.LL_USART_ConfigAsyncMode
                0x0000000008000d68       0x2c Core/Src/usart.o
 .text.LL_AHB2_GRP1_EnableClock
                0x0000000008000d94       0x30 Core/Src/usart.o
 .text.LL_APB1_GRP1_EnableClock
                0x0000000008000dc4       0x30 Core/Src/usart.o
 .text.USART2_Init
                0x0000000008000df4       0xa0 Core/Src/usart.o
                0x0000000008000df4                USART2_Init
 .text.Reset_Handler
                0x0000000008000e94       0x50 Core/Startup/startup_stm32l476rgtx.o
                0x0000000008000e94                Reset_Handler
 .text.Default_Handler
                0x0000000008000ee4        0x2 Core/Startup/startup_stm32l476rgtx.o
                0x0000000008000ee4                RTC_Alarm_IRQHandler
                0x0000000008000ee4                EXTI2_IRQHandler
                0x0000000008000ee4                TIM8_TRG_COM_IRQHandler
                0x0000000008000ee4                TIM8_CC_IRQHandler
                0x0000000008000ee4                TIM1_CC_IRQHandler
                0x0000000008000ee4                TSC_IRQHandler
                0x0000000008000ee4                TAMP_STAMP_IRQHandler
                0x0000000008000ee4                EXTI3_IRQHandler
                0x0000000008000ee4                LPTIM2_IRQHandler
                0x0000000008000ee4                DFSDM1_FLT1_IRQHandler
                0x0000000008000ee4                I2C3_ER_IRQHandler
                0x0000000008000ee4                DFSDM1_FLT2_IRQHandler
                0x0000000008000ee4                I2C2_EV_IRQHandler
                0x0000000008000ee4                CAN1_RX0_IRQHandler
                0x0000000008000ee4                FPU_IRQHandler
                0x0000000008000ee4                TIM1_UP_TIM16_IRQHandler
                0x0000000008000ee4                ADC1_2_IRQHandler
                0x0000000008000ee4                SPI1_IRQHandler
                0x0000000008000ee4                TIM6_DAC_IRQHandler
                0x0000000008000ee4                TIM8_UP_IRQHandler
                0x0000000008000ee4                DMA2_Channel2_IRQHandler
                0x0000000008000ee4                DMA1_Channel4_IRQHandler
                0x0000000008000ee4                SAI2_IRQHandler
                0x0000000008000ee4                DFSDM1_FLT3_IRQHandler
                0x0000000008000ee4                USART3_IRQHandler
                0x0000000008000ee4                DMA1_Channel7_IRQHandler
                0x0000000008000ee4                CAN1_RX1_IRQHandler
                0x0000000008000ee4                LCD_IRQHandler
                0x0000000008000ee4                UART5_IRQHandler
                0x0000000008000ee4                ADC3_IRQHandler
                0x0000000008000ee4                TIM4_IRQHandler
                0x0000000008000ee4                DMA2_Channel1_IRQHandler
                0x0000000008000ee4                QUADSPI_IRQHandler
                0x0000000008000ee4                I2C1_EV_IRQHandler
                0x0000000008000ee4                DMA1_Channel6_IRQHandler
                0x0000000008000ee4                UART4_IRQHandler
                0x0000000008000ee4                DMA2_Channel4_IRQHandler
                0x0000000008000ee4                TIM3_IRQHandler
                0x0000000008000ee4                RCC_IRQHandler
                0x0000000008000ee4                DMA1_Channel1_IRQHandler
                0x0000000008000ee4                Default_Handler
                0x0000000008000ee4                DMA2_Channel7_IRQHandler
                0x0000000008000ee4                EXTI15_10_IRQHandler
                0x0000000008000ee4                TIM7_IRQHandler
                0x0000000008000ee4                SDMMC1_IRQHandler
                0x0000000008000ee4                TIM5_IRQHandler
                0x0000000008000ee4                I2C3_EV_IRQHandler
                0x0000000008000ee4                EXTI9_5_IRQHandler
                0x0000000008000ee4                RTC_WKUP_IRQHandler
                0x0000000008000ee4                PVD_PVM_IRQHandler
                0x0000000008000ee4                SPI2_IRQHandler
                0x0000000008000ee4                CAN1_TX_IRQHandler
                0x0000000008000ee4                DMA2_Channel5_IRQHandler
                0x0000000008000ee4                DMA1_Channel5_IRQHandler
                0x0000000008000ee4                EXTI4_IRQHandler
                0x0000000008000ee4                RNG_IRQHandler
                0x0000000008000ee4                TIM1_TRG_COM_TIM17_IRQHandler
                0x0000000008000ee4                DMA1_Channel3_IRQHandler
                0x0000000008000ee4                COMP_IRQHandler
                0x0000000008000ee4                WWDG_IRQHandler
                0x0000000008000ee4                LPUART1_IRQHandler
                0x0000000008000ee4                DMA2_Channel6_IRQHandler
                0x0000000008000ee4                TIM2_IRQHandler
                0x0000000008000ee4                EXTI1_IRQHandler
                0x0000000008000ee4                USART2_IRQHandler
                0x0000000008000ee4                DFSDM1_FLT0_IRQHandler
                0x0000000008000ee4                I2C2_ER_IRQHandler
                0x0000000008000ee4                DMA1_Channel2_IRQHandler
                0x0000000008000ee4                TIM8_BRK_IRQHandler
                0x0000000008000ee4                CAN1_SCE_IRQHandler
                0x0000000008000ee4                FLASH_IRQHandler
                0x0000000008000ee4                USART1_IRQHandler
                0x0000000008000ee4                OTG_FS_IRQHandler
                0x0000000008000ee4                SPI3_IRQHandler
                0x0000000008000ee4                I2C1_ER_IRQHandler
                0x0000000008000ee4                FMC_IRQHandler
                0x0000000008000ee4                SWPMI1_IRQHandler
                0x0000000008000ee4                LPTIM1_IRQHandler
                0x0000000008000ee4                SAI1_IRQHandler
                0x0000000008000ee4                DMA2_Channel3_IRQHandler
                0x0000000008000ee4                TIM1_BRK_TIM15_IRQHandler
 *fill*         0x0000000008000ee6        0x2 
 .text.LL_EXTI_EnableIT_0_31
                0x0000000008000ee8       0x24 Drivers/STM32L4xx_HAL_Driver/Src/stm32l4xx_ll_exti.o
 .text.LL_EXTI_EnableIT_32_63
                0x0000000008000f0c       0x24 Drivers/STM32L4xx_HAL_Driver/Src/stm32l4xx_ll_exti.o
 .text.LL_EXTI_DisableIT_0_31
                0x0000000008000f30       0x28 Drivers/STM32L4xx_HAL_Driver/Src/stm32l4xx_ll_exti.o
 .text.LL_EXTI_DisableIT_32_63
                0x0000000008000f58       0x28 Drivers/STM32L4xx_HAL_Driver/Src/stm32l4xx_ll_exti.o
 .text.LL_EXTI_EnableEvent_0_31
                0x0000000008000f80       0x24 Drivers/STM32L4xx_HAL_Driver/Src/stm32l4xx_ll_exti.o
 .text.LL_EXTI_EnableEvent_32_63
                0x0000000008000fa4       0x24 Drivers/STM32L4xx_HAL_Driver/Src/stm32l4xx_ll_exti.o
 .text.LL_EXTI_DisableEvent_0_31
                0x0000000008000fc8       0x28 Drivers/STM32L4xx_HAL_Driver/Src/stm32l4xx_ll_exti.o
 .text.LL_EXTI_DisableEvent_32_63
                0x0000000008000ff0       0x28 Drivers/STM32L4xx_HAL_Driver/Src/stm32l4xx_ll_exti.o
 .text.LL_EXTI_EnableRisingTrig_0_31
                0x0000000008001018       0x24 Drivers/STM32L4xx_HAL_Driver/Src/stm32l4xx_ll_exti.o
 .text.LL_EXTI_EnableRisingTrig_32_63
                0x000000000800103c       0x24 Drivers/STM32L4xx_HAL_Driver/Src/stm32l4xx_ll_exti.o
 .text.LL_EXTI_DisableRisingTrig_0_31
                0x0000000008001060       0x28 Drivers/STM32L4xx_HAL_Driver/Src/stm32l4xx_ll_exti.o
 .text.LL_EXTI_DisableRisingTrig_32_63
                0x0000000008001088       0x28 Drivers/STM32L4xx_HAL_Driver/Src/stm32l4xx_ll_exti.o
 .text.LL_EXTI_EnableFallingTrig_0_31
                0x00000000080010b0       0x24 Drivers/STM32L4xx_HAL_Driver/Src/stm32l4xx_ll_exti.o
 .text.LL_EXTI_EnableFallingTrig_32_63
                0x00000000080010d4       0x24 Drivers/STM32L4xx_HAL_Driver/Src/stm32l4xx_ll_exti.o
 .text.LL_EXTI_DisableFallingTrig_0_31
                0x00000000080010f8       0x28 Drivers/STM32L4xx_HAL_Driver/Src/stm32l4xx_ll_exti.o
 .text.LL_EXTI_DisableFallingTrig_32_63
                0x0000000008001120       0x28 Drivers/STM32L4xx_HAL_Driver/Src/stm32l4xx_ll_exti.o
 .text.LL_EXTI_Init
                0x0000000008001148      0x1d8 Drivers/STM32L4xx_HAL_Driver/Src/stm32l4xx_ll_exti.o
                0x0000000008001148                LL_EXTI_Init
 .text.LL_GPIO_SetPinMode
                0x0000000008001320       0x7a Drivers/STM32L4xx_HAL_Driver/Src/stm32l4xx_ll_gpio.o
 .text.LL_GPIO_SetPinOutputType
                0x000000000800139a       0x30 Drivers/STM32L4xx_HAL_Driver/Src/stm32l4xx_ll_gpio.o
 .text.LL_GPIO_SetPinSpeed
                0x00000000080013ca       0x7a Drivers/STM32L4xx_HAL_Driver/Src/stm32l4xx_ll_gpio.o
 .text.LL_GPIO_SetPinPull
                0x0000000008001444       0x7a Drivers/STM32L4xx_HAL_Driver/Src/stm32l4xx_ll_gpio.o
 .text.LL_GPIO_SetAFPin_0_7
                0x00000000080014be       0x7a Drivers/STM32L4xx_HAL_Driver/Src/stm32l4xx_ll_gpio.o
 .text.LL_GPIO_SetAFPin_8_15
                0x0000000008001538       0x7e Drivers/STM32L4xx_HAL_Driver/Src/stm32l4xx_ll_gpio.o
 .text.LL_GPIO_Init
                0x00000000080015b6       0xec Drivers/STM32L4xx_HAL_Driver/Src/stm32l4xx_ll_gpio.o
                0x00000000080015b6                LL_GPIO_Init
 *fill*         0x00000000080016a2        0x2 
 .text.LL_RCC_HSI_IsReady
                0x00000000080016a4       0x28 Drivers/STM32L4xx_HAL_Driver/Src/stm32l4xx_ll_rcc.o
 .text.LL_RCC_LSE_IsReady
                0x00000000080016cc       0x28 Drivers/STM32L4xx_HAL_Driver/Src/stm32l4xx_ll_rcc.o
 .text.LL_RCC_MSI_IsEnabledRangeSelect
                0x00000000080016f4       0x24 Drivers/STM32L4xx_HAL_Driver/Src/stm32l4xx_ll_rcc.o
 .text.LL_RCC_MSI_GetRange
                0x0000000008001718       0x1c Drivers/STM32L4xx_HAL_Driver/Src/stm32l4xx_ll_rcc.o
 .text.LL_RCC_MSI_GetRangeAfterStandby
                0x0000000008001734       0x1c Drivers/STM32L4xx_HAL_Driver/Src/stm32l4xx_ll_rcc.o
 .text.LL_RCC_GetSysClkSource
                0x0000000008001750       0x1c Drivers/STM32L4xx_HAL_Driver/Src/stm32l4xx_ll_rcc.o
 .text.LL_RCC_GetAHBPrescaler
                0x000000000800176c       0x1c Drivers/STM32L4xx_HAL_Driver/Src/stm32l4xx_ll_rcc.o
 .text.LL_RCC_GetAPB1Prescaler
                0x0000000008001788       0x1c Drivers/STM32L4xx_HAL_Driver/Src/stm32l4xx_ll_rcc.o
 .text.LL_RCC_GetAPB2Prescaler
                0x00000000080017a4       0x1c Drivers/STM32L4xx_HAL_Driver/Src/stm32l4xx_ll_rcc.o
 .text.LL_RCC_GetUSARTClockSource
                0x00000000080017c0       0x28 Drivers/STM32L4xx_HAL_Driver/Src/stm32l4xx_ll_rcc.o
 .text.LL_RCC_GetUARTClockSource
                0x00000000080017e8       0x28 Drivers/STM32L4xx_HAL_Driver/Src/stm32l4xx_ll_rcc.o
 .text.LL_RCC_PLL_GetMainSource
                0x0000000008001810       0x1c Drivers/STM32L4xx_HAL_Driver/Src/stm32l4xx_ll_rcc.o
 .text.LL_RCC_PLL_GetN
                0x000000000800182c       0x1c Drivers/STM32L4xx_HAL_Driver/Src/stm32l4xx_ll_rcc.o
 .text.LL_RCC_PLL_GetR
                0x0000000008001848       0x1c Drivers/STM32L4xx_HAL_Driver/Src/stm32l4xx_ll_rcc.o
 .text.LL_RCC_PLL_GetDivider
                0x0000000008001864       0x1c Drivers/STM32L4xx_HAL_Driver/Src/stm32l4xx_ll_rcc.o
 .text.LL_RCC_GetUSARTClockFreq
                0x0000000008001880      0x1c0 Drivers/STM32L4xx_HAL_Driver/Src/stm32l4xx_ll_rcc.o
                0x0000000008001880                LL_RCC_GetUSARTClockFreq
 .text.LL_RCC_GetUARTClockFreq
                0x0000000008001a40      0x124 Drivers/STM32L4xx_HAL_Driver/Src/stm32l4xx_ll_rcc.o
                0x0000000008001a40                LL_RCC_GetUARTClockFreq
 .text.RCC_GetSystemClockFreq
                0x0000000008001b64      0x120 Drivers/STM32L4xx_HAL_Driver/Src/stm32l4xx_ll_rcc.o
                0x0000000008001b64                RCC_GetSystemClockFreq
 .text.RCC_GetHCLKClockFreq
                0x0000000008001c84       0x2c Drivers/STM32L4xx_HAL_Driver/Src/stm32l4xx_ll_rcc.o
                0x0000000008001c84                RCC_GetHCLKClockFreq
 .text.RCC_GetPCLK1ClockFreq
                0x0000000008001cb0       0x28 Drivers/STM32L4xx_HAL_Driver/Src/stm32l4xx_ll_rcc.o
                0x0000000008001cb0                RCC_GetPCLK1ClockFreq
 .text.RCC_GetPCLK2ClockFreq
                0x0000000008001cd8       0x28 Drivers/STM32L4xx_HAL_Driver/Src/stm32l4xx_ll_rcc.o
                0x0000000008001cd8                RCC_GetPCLK2ClockFreq
 .text.RCC_PLL_GetFreqDomain_SYS
                0x0000000008001d00      0x10c Drivers/STM32L4xx_HAL_Driver/Src/stm32l4xx_ll_rcc.o
                0x0000000008001d00                RCC_PLL_GetFreqDomain_SYS
 .text.LL_SPI_IsEnabled
                0x0000000008001e0c       0x26 Drivers/STM32L4xx_HAL_Driver/Src/stm32l4xx_ll_spi.o
 .text.LL_SPI_SetCRCPolynomial
                0x0000000008001e32       0x20 Drivers/STM32L4xx_HAL_Driver/Src/stm32l4xx_ll_spi.o
 .text.LL_SPI_Init
                0x0000000008001e52       0x9c Drivers/STM32L4xx_HAL_Driver/Src/stm32l4xx_ll_spi.o
                0x0000000008001e52                LL_SPI_Init
 .text.LL_USART_IsEnabled
                0x0000000008001eee       0x26 Drivers/STM32L4xx_HAL_Driver/Src/stm32l4xx_ll_usart.o
 .text.LL_USART_SetStopBitsLength
                0x0000000008001f14       0x26 Drivers/STM32L4xx_HAL_Driver/Src/stm32l4xx_ll_usart.o
 .text.LL_USART_SetHWFlowCtrl
                0x0000000008001f3a       0x26 Drivers/STM32L4xx_HAL_Driver/Src/stm32l4xx_ll_usart.o
 .text.LL_USART_SetBaudRate
                0x0000000008001f60       0x6e Drivers/STM32L4xx_HAL_Driver/Src/stm32l4xx_ll_usart.o
 *fill*         0x0000000008001fce        0x2 
 .text.LL_USART_Init
                0x0000000008001fd0       0xf8 Drivers/STM32L4xx_HAL_Driver/Src/stm32l4xx_ll_usart.o
                0x0000000008001fd0                LL_USART_Init
 .text.LL_SetSystemCoreClock
                0x00000000080020c8       0x20 Drivers/STM32L4xx_HAL_Driver/Src/stm32l4xx_ll_utils.o
                0x00000000080020c8                LL_SetSystemCoreClock
 .text.__libc_init_array
                0x00000000080020e8       0x48 c:/st/stm32cubeide_1.4.0/stm32cubeide/plugins/com.st.stm32cube.ide.mcu.externaltools.gnu-tools-for-stm32.7-2018-q2-update.win32_1.4.0.202007081208/tools/bin/../lib/gcc/arm-none-eabi/7.3.1/../../../../arm-none-eabi/lib/thumb/v7e-m/fpv4-sp/hard\libc_nano.a(lib_a-init.o)
                0x00000000080020e8                __libc_init_array
 .text.memset   0x0000000008002130       0x10 c:/st/stm32cubeide_1.4.0/stm32cubeide/plugins/com.st.stm32cube.ide.mcu.externaltools.gnu-tools-for-stm32.7-2018-q2-update.win32_1.4.0.202007081208/tools/bin/../lib/gcc/arm-none-eabi/7.3.1/../../../../arm-none-eabi/lib/thumb/v7e-m/fpv4-sp/hard\libc_nano.a(lib_a-memset.o)
                0x0000000008002130                memset
 *(.glue_7)
 .glue_7        0x0000000008002140        0x0 linker stubs
 *(.glue_7t)
 .glue_7t       0x0000000008002140        0x0 linker stubs
 *(.eh_frame)
 .eh_frame      0x0000000008002140        0x0 c:/st/stm32cubeide_1.4.0/stm32cubeide/plugins/com.st.stm32cube.ide.mcu.externaltools.gnu-tools-for-stm32.7-2018-q2-update.win32_1.4.0.202007081208/tools/bin/../lib/gcc/arm-none-eabi/7.3.1/thumb/v7e-m/fpv4-sp/hard/crtbegin.o
 *(.init)
 .init          0x0000000008002140        0x4 c:/st/stm32cubeide_1.4.0/stm32cubeide/plugins/com.st.stm32cube.ide.mcu.externaltools.gnu-tools-for-stm32.7-2018-q2-update.win32_1.4.0.202007081208/tools/bin/../lib/gcc/arm-none-eabi/7.3.1/thumb/v7e-m/fpv4-sp/hard/crti.o
                0x0000000008002140                _init
 .init          0x0000000008002144        0x8 c:/st/stm32cubeide_1.4.0/stm32cubeide/plugins/com.st.stm32cube.ide.mcu.externaltools.gnu-tools-for-stm32.7-2018-q2-update.win32_1.4.0.202007081208/tools/bin/../lib/gcc/arm-none-eabi/7.3.1/thumb/v7e-m/fpv4-sp/hard/crtn.o
 *(.fini)
 .fini          0x000000000800214c        0x4 c:/st/stm32cubeide_1.4.0/stm32cubeide/plugins/com.st.stm32cube.ide.mcu.externaltools.gnu-tools-for-stm32.7-2018-q2-update.win32_1.4.0.202007081208/tools/bin/../lib/gcc/arm-none-eabi/7.3.1/thumb/v7e-m/fpv4-sp/hard/crti.o
                0x000000000800214c                _fini
 .fini          0x0000000008002150        0x8 c:/st/stm32cubeide_1.4.0/stm32cubeide/plugins/com.st.stm32cube.ide.mcu.externaltools.gnu-tools-for-stm32.7-2018-q2-update.win32_1.4.0.202007081208/tools/bin/../lib/gcc/arm-none-eabi/7.3.1/thumb/v7e-m/fpv4-sp/hard/crtn.o
                0x0000000008002158                . = ALIGN (0x4)
                0x0000000008002158                _etext = .

.vfp11_veneer   0x0000000008002158        0x0
 .vfp11_veneer  0x0000000008002158        0x0 linker stubs

.v4_bx          0x0000000008002158        0x0
 .v4_bx         0x0000000008002158        0x0 linker stubs

.iplt           0x0000000008002158        0x0
 .iplt          0x0000000008002158        0x0 c:/st/stm32cubeide_1.4.0/stm32cubeide/plugins/com.st.stm32cube.ide.mcu.externaltools.gnu-tools-for-stm32.7-2018-q2-update.win32_1.4.0.202007081208/tools/bin/../lib/gcc/arm-none-eabi/7.3.1/thumb/v7e-m/fpv4-sp/hard/crtbegin.o

.rodata         0x0000000008002158       0x48
                0x0000000008002158                . = ALIGN (0x4)
 *(.rodata)
 *(.rodata*)
 .rodata.AHBPrescTable
                0x0000000008002158       0x10 Core/Src/system_stm32l4xx.o
                0x0000000008002158                AHBPrescTable
 .rodata.APBPrescTable
                0x0000000008002168        0x8 Core/Src/system_stm32l4xx.o
                0x0000000008002168                APBPrescTable
 .rodata.MSIRangeTable
                0x0000000008002170       0x30 Core/Src/system_stm32l4xx.o
                0x0000000008002170                MSIRangeTable
                0x00000000080021a0                . = ALIGN (0x4)

.rel.dyn        0x00000000080021a0        0x0
 .rel.iplt      0x00000000080021a0        0x0 c:/st/stm32cubeide_1.4.0/stm32cubeide/plugins/com.st.stm32cube.ide.mcu.externaltools.gnu-tools-for-stm32.7-2018-q2-update.win32_1.4.0.202007081208/tools/bin/../lib/gcc/arm-none-eabi/7.3.1/thumb/v7e-m/fpv4-sp/hard/crtbegin.o

.ARM.extab      0x00000000080021a0        0x0
                0x00000000080021a0                . = ALIGN (0x4)
 *(.ARM.extab* .gnu.linkonce.armextab.*)
                0x00000000080021a0                . = ALIGN (0x4)

.ARM            0x00000000080021a0        0x0
                0x00000000080021a0                . = ALIGN (0x4)
                0x00000000080021a0                __exidx_start = .
 *(.ARM.exidx*)
                0x00000000080021a0                __exidx_end = .
                0x00000000080021a0                . = ALIGN (0x4)

.preinit_array  0x00000000080021a0        0x0
                0x00000000080021a0                . = ALIGN (0x4)
                0x00000000080021a0                PROVIDE (__preinit_array_start = .)
 *(.preinit_array*)
                0x00000000080021a0                PROVIDE (__preinit_array_end = .)
                0x00000000080021a0                . = ALIGN (0x4)

.init_array     0x00000000080021a0        0x4
                0x00000000080021a0                . = ALIGN (0x4)
                0x00000000080021a0                PROVIDE (__init_array_start = .)
 *(SORT_BY_NAME(.init_array.*))
 *(.init_array*)
 .init_array    0x00000000080021a0        0x4 c:/st/stm32cubeide_1.4.0/stm32cubeide/plugins/com.st.stm32cube.ide.mcu.externaltools.gnu-tools-for-stm32.7-2018-q2-update.win32_1.4.0.202007081208/tools/bin/../lib/gcc/arm-none-eabi/7.3.1/thumb/v7e-m/fpv4-sp/hard/crtbegin.o
                0x00000000080021a4                PROVIDE (__init_array_end = .)
                0x00000000080021a4                . = ALIGN (0x4)

.fini_array     0x00000000080021a4        0x4
                0x00000000080021a4                . = ALIGN (0x4)
                [!provide]                        PROVIDE (__fini_array_start = .)
 *(SORT_BY_NAME(.fini_array.*))
 *(.fini_array*)
 .fini_array    0x00000000080021a4        0x4 c:/st/stm32cubeide_1.4.0/stm32cubeide/plugins/com.st.stm32cube.ide.mcu.externaltools.gnu-tools-for-stm32.7-2018-q2-update.win32_1.4.0.202007081208/tools/bin/../lib/gcc/arm-none-eabi/7.3.1/thumb/v7e-m/fpv4-sp/hard/crtbegin.o
                [!provide]                        PROVIDE (__fini_array_end = .)
                0x00000000080021a8                . = ALIGN (0x4)
                0x00000000080021a8                _sidata = LOADADDR (.data)

.data           0x0000000020000000        0x4 load address 0x00000000080021a8
                0x0000000020000000                . = ALIGN (0x4)
                0x0000000020000000                _sdata = .
 *(.data)
 *(.data*)
 .data.SystemCoreClock
                0x0000000020000000        0x4 Core/Src/system_stm32l4xx.o
                0x0000000020000000                SystemCoreClock
                0x0000000020000004                . = ALIGN (0x4)
                0x0000000020000004                _edata = .

.igot.plt       0x0000000020000004        0x0 load address 0x00000000080021ac
 .igot.plt      0x0000000020000004        0x0 c:/st/stm32cubeide_1.4.0/stm32cubeide/plugins/com.st.stm32cube.ide.mcu.externaltools.gnu-tools-for-stm32.7-2018-q2-update.win32_1.4.0.202007081208/tools/bin/../lib/gcc/arm-none-eabi/7.3.1/thumb/v7e-m/fpv4-sp/hard/crtbegin.o
                0x0000000020000004                . = ALIGN (0x4)

.bss            0x0000000020000004       0x28 load address 0x00000000080021ac
                0x0000000020000004                _sbss = .
                0x0000000020000004                __bss_start__ = _sbss
 *(.bss)
 .bss           0x0000000020000004       0x1c c:/st/stm32cubeide_1.4.0/stm32cubeide/plugins/com.st.stm32cube.ide.mcu.externaltools.gnu-tools-for-stm32.7-2018-q2-update.win32_1.4.0.202007081208/tools/bin/../lib/gcc/arm-none-eabi/7.3.1/thumb/v7e-m/fpv4-sp/hard/crtbegin.o
 *(.bss*)
 .bss.ticks     0x0000000020000020        0x4 Core/Src/main.o
                0x0000000020000020                ticks
 .bss.blue_mode
                0x0000000020000024        0x4 Core/Src/main.o
                0x0000000020000024                blue_mode
 .bss.old_blue  0x0000000020000028        0x4 Core/Src/main.o
                0x0000000020000028                old_blue
 *(COMMON)
                0x000000002000002c                . = ALIGN (0x4)
                0x000000002000002c                _ebss = .
                0x000000002000002c                __bss_end__ = _ebss

._user_heap_stack
                0x000000002000002c      0x604 load address 0x00000000080021ac
                0x0000000020000030                . = ALIGN (0x8)
 *fill*         0x000000002000002c        0x4 
                [!provide]                        PROVIDE (end = .)
                0x0000000020000030                PROVIDE (_end = .)
                0x0000000020000230                . = (. + _Min_Heap_Size)
 *fill*         0x0000000020000030      0x200 
                0x0000000020000630                . = (. + _Min_Stack_Size)
 *fill*         0x0000000020000230      0x400 
                0x0000000020000630                . = ALIGN (0x8)

/DISCARD/
 libc.a(*)
 libm.a(*)
 libgcc.a(*)

.ARM.attributes
                0x0000000000000000       0x30
 *(.ARM.attributes)
 .ARM.attributes
                0x0000000000000000       0x22 c:/st/stm32cubeide_1.4.0/stm32cubeide/plugins/com.st.stm32cube.ide.mcu.externaltools.gnu-tools-for-stm32.7-2018-q2-update.win32_1.4.0.202007081208/tools/bin/../lib/gcc/arm-none-eabi/7.3.1/thumb/v7e-m/fpv4-sp/hard/crti.o
 .ARM.attributes
                0x0000000000000022       0x34 c:/st/stm32cubeide_1.4.0/stm32cubeide/plugins/com.st.stm32cube.ide.mcu.externaltools.gnu-tools-for-stm32.7-2018-q2-update.win32_1.4.0.202007081208/tools/bin/../lib/gcc/arm-none-eabi/7.3.1/thumb/v7e-m/fpv4-sp/hard/crtbegin.o
 .ARM.attributes
                0x0000000000000056       0x39 Core/Src/clock.o
 .ARM.attributes
                0x000000000000008f       0x39 Core/Src/gpio.o
 .ARM.attributes
                0x00000000000000c8       0x39 Core/Src/main.o
 .ARM.attributes
                0x0000000000000101       0x39 Core/Src/spi.o
 .ARM.attributes
                0x000000000000013a       0x39 Core/Src/stm32l4xx_it.o
 .ARM.attributes
                0x0000000000000173       0x39 Core/Src/system_stm32l4xx.o
 .ARM.attributes
                0x00000000000001ac       0x39 Core/Src/usart.o
 .ARM.attributes
                0x00000000000001e5       0x21 Core/Startup/startup_stm32l476rgtx.o
 .ARM.attributes
                0x0000000000000206       0x39 Drivers/STM32L4xx_HAL_Driver/Src/stm32l4xx_ll_exti.o
 .ARM.attributes
                0x000000000000023f       0x39 Drivers/STM32L4xx_HAL_Driver/Src/stm32l4xx_ll_gpio.o
 .ARM.attributes
                0x0000000000000278       0x39 Drivers/STM32L4xx_HAL_Driver/Src/stm32l4xx_ll_rcc.o
 .ARM.attributes
                0x00000000000002b1       0x39 Drivers/STM32L4xx_HAL_Driver/Src/stm32l4xx_ll_spi.o
 .ARM.attributes
                0x00000000000002ea       0x39 Drivers/STM32L4xx_HAL_Driver/Src/stm32l4xx_ll_usart.o
 .ARM.attributes
                0x0000000000000323       0x39 Drivers/STM32L4xx_HAL_Driver/Src/stm32l4xx_ll_utils.o
 .ARM.attributes
                0x000000000000035c       0x34 c:/st/stm32cubeide_1.4.0/stm32cubeide/plugins/com.st.stm32cube.ide.mcu.externaltools.gnu-tools-for-stm32.7-2018-q2-update.win32_1.4.0.202007081208/tools/bin/../lib/gcc/arm-none-eabi/7.3.1/../../../../arm-none-eabi/lib/thumb/v7e-m/fpv4-sp/hard\libc_nano.a(lib_a-init.o)
 .ARM.attributes
                0x0000000000000390       0x34 c:/st/stm32cubeide_1.4.0/stm32cubeide/plugins/com.st.stm32cube.ide.mcu.externaltools.gnu-tools-for-stm32.7-2018-q2-update.win32_1.4.0.202007081208/tools/bin/../lib/gcc/arm-none-eabi/7.3.1/../../../../arm-none-eabi/lib/thumb/v7e-m/fpv4-sp/hard\libc_nano.a(lib_a-memset.o)
 .ARM.attributes
                0x00000000000003c4       0x22 c:/st/stm32cubeide_1.4.0/stm32cubeide/plugins/com.st.stm32cube.ide.mcu.externaltools.gnu-tools-for-stm32.7-2018-q2-update.win32_1.4.0.202007081208/tools/bin/../lib/gcc/arm-none-eabi/7.3.1/thumb/v7e-m/fpv4-sp/hard/crtn.o
OUTPUT(L476_LoPoSo_LEDBlink_2024.elf elf32-littlearm)

.debug_info     0x0000000000000000     0x71c9
 .debug_info    0x0000000000000000      0xcf7 Core/Src/clock.o
 .debug_info    0x0000000000000cf7      0xeed Core/Src/gpio.o
 .debug_info    0x0000000000001be4      0x64c Core/Src/main.o
 .debug_info    0x0000000000002230      0x64b Core/Src/spi.o
 .debug_info    0x000000000000287b      0x32e Core/Src/stm32l4xx_it.o
 .debug_info    0x0000000000002ba9      0x5b4 Core/Src/system_stm32l4xx.o
 .debug_info    0x000000000000315d      0x80b Core/Src/usart.o
 .debug_info    0x0000000000003968       0x22 Core/Startup/startup_stm32l476rgtx.o
 .debug_info    0x000000000000398a      0x56b Drivers/STM32L4xx_HAL_Driver/Src/stm32l4xx_ll_exti.o
 .debug_info    0x0000000000003ef5      0xa87 Drivers/STM32L4xx_HAL_Driver/Src/stm32l4xx_ll_gpio.o
 .debug_info    0x000000000000497c      0xe25 Drivers/STM32L4xx_HAL_Driver/Src/stm32l4xx_ll_rcc.o
 .debug_info    0x00000000000057a1      0x615 Drivers/STM32L4xx_HAL_Driver/Src/stm32l4xx_ll_spi.o
 .debug_info    0x0000000000005db6      0x7f2 Drivers/STM32L4xx_HAL_Driver/Src/stm32l4xx_ll_usart.o
 .debug_info    0x00000000000065a8      0xc21 Drivers/STM32L4xx_HAL_Driver/Src/stm32l4xx_ll_utils.o

.debug_abbrev   0x0000000000000000     0x1660
 .debug_abbrev  0x0000000000000000      0x1b7 Core/Src/clock.o
 .debug_abbrev  0x00000000000001b7      0x27f Core/Src/gpio.o
 .debug_abbrev  0x0000000000000436      0x16c Core/Src/main.o
 .debug_abbrev  0x00000000000005a2      0x15d Core/Src/spi.o
 .debug_abbrev  0x00000000000006ff      0x155 Core/Src/stm32l4xx_it.o
 .debug_abbrev  0x0000000000000854      0x134 Core/Src/system_stm32l4xx.o
 .debug_abbrev  0x0000000000000988      0x1a4 Core/Src/usart.o
 .debug_abbrev  0x0000000000000b2c       0x12 Core/Startup/startup_stm32l476rgtx.o
 .debug_abbrev  0x0000000000000b3e      0x19e Drivers/STM32L4xx_HAL_Driver/Src/stm32l4xx_ll_exti.o
 .debug_abbrev  0x0000000000000cdc      0x225 Drivers/STM32L4xx_HAL_Driver/Src/stm32l4xx_ll_gpio.o
 .debug_abbrev  0x0000000000000f01      0x1e1 Drivers/STM32L4xx_HAL_Driver/Src/stm32l4xx_ll_rcc.o
 .debug_abbrev  0x00000000000010e2      0x195 Drivers/STM32L4xx_HAL_Driver/Src/stm32l4xx_ll_spi.o
 .debug_abbrev  0x0000000000001277      0x1b1 Drivers/STM32L4xx_HAL_Driver/Src/stm32l4xx_ll_usart.o
 .debug_abbrev  0x0000000000001428      0x238 Drivers/STM32L4xx_HAL_Driver/Src/stm32l4xx_ll_utils.o

.debug_aranges  0x0000000000000000      0x870
 .debug_aranges
                0x0000000000000000       0x98 Core/Src/clock.o
 .debug_aranges
                0x0000000000000098       0x88 Core/Src/gpio.o
 .debug_aranges
                0x0000000000000120       0x48 Core/Src/main.o
 .debug_aranges
                0x0000000000000168       0x40 Core/Src/spi.o
 .debug_aranges
                0x00000000000001a8       0x70 Core/Src/stm32l4xx_it.o
 .debug_aranges
                0x0000000000000218       0x28 Core/Src/system_stm32l4xx.o
 .debug_aranges
                0x0000000000000240       0x78 Core/Src/usart.o
 .debug_aranges
                0x00000000000002b8       0x28 Core/Startup/startup_stm32l476rgtx.o
 .debug_aranges
                0x00000000000002e0       0xb0 Drivers/STM32L4xx_HAL_Driver/Src/stm32l4xx_ll_exti.o
 .debug_aranges
                0x0000000000000390       0x70 Drivers/STM32L4xx_HAL_Driver/Src/stm32l4xx_ll_gpio.o
 .debug_aranges
                0x0000000000000400      0x250 Drivers/STM32L4xx_HAL_Driver/Src/stm32l4xx_ll_rcc.o
 .debug_aranges
                0x0000000000000650       0x60 Drivers/STM32L4xx_HAL_Driver/Src/stm32l4xx_ll_spi.o
 .debug_aranges
                0x00000000000006b0       0x88 Drivers/STM32L4xx_HAL_Driver/Src/stm32l4xx_ll_usart.o
 .debug_aranges
                0x0000000000000738      0x138 Drivers/STM32L4xx_HAL_Driver/Src/stm32l4xx_ll_utils.o

.debug_ranges   0x0000000000000000      0x798
 .debug_ranges  0x0000000000000000       0x88 Core/Src/clock.o
 .debug_ranges  0x0000000000000088       0x78 Core/Src/gpio.o
 .debug_ranges  0x0000000000000100       0x38 Core/Src/main.o
 .debug_ranges  0x0000000000000138       0x30 Core/Src/spi.o
 .debug_ranges  0x0000000000000168       0x60 Core/Src/stm32l4xx_it.o
 .debug_ranges  0x00000000000001c8       0x18 Core/Src/system_stm32l4xx.o
 .debug_ranges  0x00000000000001e0       0x68 Core/Src/usart.o
 .debug_ranges  0x0000000000000248       0x20 Core/Startup/startup_stm32l476rgtx.o
 .debug_ranges  0x0000000000000268       0xa0 Drivers/STM32L4xx_HAL_Driver/Src/stm32l4xx_ll_exti.o
 .debug_ranges  0x0000000000000308       0x60 Drivers/STM32L4xx_HAL_Driver/Src/stm32l4xx_ll_gpio.o
 .debug_ranges  0x0000000000000368      0x240 Drivers/STM32L4xx_HAL_Driver/Src/stm32l4xx_ll_rcc.o
 .debug_ranges  0x00000000000005a8       0x50 Drivers/STM32L4xx_HAL_Driver/Src/stm32l4xx_ll_spi.o
 .debug_ranges  0x00000000000005f8       0x78 Drivers/STM32L4xx_HAL_Driver/Src/stm32l4xx_ll_usart.o
 .debug_ranges  0x0000000000000670      0x128 Drivers/STM32L4xx_HAL_Driver/Src/stm32l4xx_ll_utils.o

.debug_macro    0x0000000000000000    0x20323
 .debug_macro   0x0000000000000000      0x117 Core/Src/clock.o
 .debug_macro   0x0000000000000117      0xaa8 Core/Src/clock.o
 .debug_macro   0x0000000000000bbf       0x2e Core/Src/clock.o
 .debug_macro   0x0000000000000bed       0x28 Core/Src/clock.o
 .debug_macro   0x0000000000000c15       0x22 Core/Src/clock.o
 .debug_macro   0x0000000000000c37       0x8e Core/Src/clock.o
 .debug_macro   0x0000000000000cc5       0x51 Core/Src/clock.o
 .debug_macro   0x0000000000000d16       0xef Core/Src/clock.o
 .debug_macro   0x0000000000000e05       0x6a Core/Src/clock.o
 .debug_macro   0x0000000000000e6f      0x1df Core/Src/clock.o
 .debug_macro   0x000000000000104e       0x1c Core/Src/clock.o
 .debug_macro   0x000000000000106a       0x22 Core/Src/clock.o
 .debug_macro   0x000000000000108c      0x101 Core/Src/clock.o
 .debug_macro   0x000000000000118d     0x1011 Core/Src/clock.o
 .debug_macro   0x000000000000219e      0x11f Core/Src/clock.o
 .debug_macro   0x00000000000022bd    0x1a13d Core/Src/clock.o
 .debug_macro   0x000000000001c3fa       0x43 Core/Src/clock.o
 .debug_macro   0x000000000001c43d      0x1b9 Core/Src/clock.o
 .debug_macro   0x000000000001c5f6      0x716 Core/Src/clock.o
 .debug_macro   0x000000000001cd0c      0x208 Core/Src/clock.o
 .debug_macro   0x000000000001cf14      0x4e5 Core/Src/clock.o
 .debug_macro   0x000000000001d3f9      0x1a7 Core/Src/clock.o
 .debug_macro   0x000000000001d5a0      0x2f5 Core/Src/clock.o
 .debug_macro   0x000000000001d895       0xa7 Core/Src/clock.o
 .debug_macro   0x000000000001d93c      0x101 Core/Src/gpio.o
 .debug_macro   0x000000000001da3d      0x16a Core/Src/gpio.o
 .debug_macro   0x000000000001dba7      0x164 Core/Src/gpio.o
 .debug_macro   0x000000000001dd0b       0x76 Core/Src/gpio.o
 .debug_macro   0x000000000001dd81      0x173 Core/Src/main.o
 .debug_macro   0x000000000001def4      0x1bf Core/Src/main.o
 .debug_macro   0x000000000001e0b3      0x2cb Core/Src/main.o
 .debug_macro   0x000000000001e37e      0x1d3 Core/Src/main.o
 .debug_macro   0x000000000001e551      0x2f7 Core/Src/main.o
 .debug_macro   0x000000000001e848       0x22 Core/Src/main.o
 .debug_macro   0x000000000001e86a       0x10 Core/Src/main.o
 .debug_macro   0x000000000001e87a      0x102 Core/Src/spi.o
 .debug_macro   0x000000000001e97c      0x15d Core/Src/stm32l4xx_it.o
 .debug_macro   0x000000000001ead9       0xd4 Core/Src/system_stm32l4xx.o
 .debug_macro   0x000000000001ebad       0xff Core/Src/usart.o
 .debug_macro   0x000000000001ecac      0x2f1 Core/Src/usart.o
 .debug_macro   0x000000000001ef9d       0xfb Drivers/STM32L4xx_HAL_Driver/Src/stm32l4xx_ll_exti.o
 .debug_macro   0x000000000001f098      0x15e Drivers/STM32L4xx_HAL_Driver/Src/stm32l4xx_ll_exti.o
 .debug_macro   0x000000000001f1f6      0x110 Drivers/STM32L4xx_HAL_Driver/Src/stm32l4xx_ll_gpio.o
 .debug_macro   0x000000000001f306      0x164 Drivers/STM32L4xx_HAL_Driver/Src/stm32l4xx_ll_gpio.o
 .debug_macro   0x000000000001f46a      0x12b Drivers/STM32L4xx_HAL_Driver/Src/stm32l4xx_ll_rcc.o
 .debug_macro   0x000000000001f595      0x710 Drivers/STM32L4xx_HAL_Driver/Src/stm32l4xx_ll_rcc.o
 .debug_macro   0x000000000001fca5      0x12e Drivers/STM32L4xx_HAL_Driver/Src/stm32l4xx_ll_spi.o
 .debug_macro   0x000000000001fdd3      0x1cd Drivers/STM32L4xx_HAL_Driver/Src/stm32l4xx_ll_spi.o
 .debug_macro   0x000000000001ffa0      0x143 Drivers/STM32L4xx_HAL_Driver/Src/stm32l4xx_ll_usart.o
 .debug_macro   0x00000000000200e3      0x19f Drivers/STM32L4xx_HAL_Driver/Src/stm32l4xx_ll_utils.o
 .debug_macro   0x0000000000020282       0xa1 Drivers/STM32L4xx_HAL_Driver/Src/stm32l4xx_ll_utils.o

.debug_line     0x0000000000000000     0x5dcc
 .debug_line    0x0000000000000000      0x6a4 Core/Src/clock.o
 .debug_line    0x00000000000006a4      0x6b4 Core/Src/gpio.o
 .debug_line    0x0000000000000d58      0x662 Core/Src/main.o
 .debug_line    0x00000000000013ba      0x540 Core/Src/spi.o
 .debug_line    0x00000000000018fa      0x6b0 Core/Src/stm32l4xx_it.o
 .debug_line    0x0000000000001faa      0x496 Core/Src/system_stm32l4xx.o
 .debug_line    0x0000000000002440      0x617 Core/Src/usart.o
 .debug_line    0x0000000000002a57       0x87 Core/Startup/startup_stm32l476rgtx.o
 .debug_line    0x0000000000002ade      0x651 Drivers/STM32L4xx_HAL_Driver/Src/stm32l4xx_ll_exti.o
 .debug_line    0x000000000000312f      0x6a8 Drivers/STM32L4xx_HAL_Driver/Src/stm32l4xx_ll_gpio.o
 .debug_line    0x00000000000037d7     0x112f Drivers/STM32L4xx_HAL_Driver/Src/stm32l4xx_ll_rcc.o
 .debug_line    0x0000000000004906      0x599 Drivers/STM32L4xx_HAL_Driver/Src/stm32l4xx_ll_spi.o
 .debug_line    0x0000000000004e9f      0x63b Drivers/STM32L4xx_HAL_Driver/Src/stm32l4xx_ll_usart.o
 .debug_line    0x00000000000054da      0x8f2 Drivers/STM32L4xx_HAL_Driver/Src/stm32l4xx_ll_utils.o

.debug_str      0x0000000000000000    0xb01c4
 .debug_str     0x0000000000000000    0xa7c59 Core/Src/clock.o
                                      0xa7ef2 (size before relaxing)
 .debug_str     0x00000000000a7c59     0x135e Core/Src/gpio.o
                                      0xa1ef6 (size before relaxing)
 .debug_str     0x00000000000a8fb7     0x3745 Core/Src/main.o
                                      0xabf93 (size before relaxing)
 .debug_str     0x00000000000ac6fc       0xe5 Core/Src/spi.o
                                      0xa080e (size before relaxing)
 .debug_str     0x00000000000ac7e1      0x145 Core/Src/stm32l4xx_it.o
                                      0xabc36 (size before relaxing)
 .debug_str     0x00000000000ac926       0x79 Core/Src/system_stm32l4xx.o
                                      0x9e649 (size before relaxing)
 .debug_str     0x00000000000ac99f      0x156 Core/Src/usart.o
                                      0xa0c56 (size before relaxing)
 .debug_str     0x00000000000acaf5       0x36 Core/Startup/startup_stm32l476rgtx.o
                                         0x9a (size before relaxing)
 .debug_str     0x00000000000acb2b      0x46b Drivers/STM32L4xx_HAL_Driver/Src/stm32l4xx_ll_exti.o
                                      0x9f05a (size before relaxing)
 .debug_str     0x00000000000acf96      0x63d Drivers/STM32L4xx_HAL_Driver/Src/stm32l4xx_ll_gpio.o
                                      0xa002a (size before relaxing)
 .debug_str     0x00000000000ad5d3      0xd26 Drivers/STM32L4xx_HAL_Driver/Src/stm32l4xx_ll_rcc.o
                                      0xa2d53 (size before relaxing)
 .debug_str     0x00000000000ae2f9      0x989 Drivers/STM32L4xx_HAL_Driver/Src/stm32l4xx_ll_spi.o
                                      0xa06e0 (size before relaxing)
 .debug_str     0x00000000000aec82      0x831 Drivers/STM32L4xx_HAL_Driver/Src/stm32l4xx_ll_usart.o
                                      0xa457a (size before relaxing)
 .debug_str     0x00000000000af4b3      0xd11 Drivers/STM32L4xx_HAL_Driver/Src/stm32l4xx_ll_utils.o
                                      0xa530f (size before relaxing)

.comment        0x0000000000000000       0x7b
 .comment       0x0000000000000000       0x7b Core/Src/clock.o
                                         0x7c (size before relaxing)
 .comment       0x000000000000007b       0x7c Core/Src/gpio.o
 .comment       0x000000000000007b       0x7c Core/Src/main.o
 .comment       0x000000000000007b       0x7c Core/Src/spi.o
 .comment       0x000000000000007b       0x7c Core/Src/stm32l4xx_it.o
 .comment       0x000000000000007b       0x7c Core/Src/system_stm32l4xx.o
 .comment       0x000000000000007b       0x7c Core/Src/usart.o
 .comment       0x000000000000007b       0x7c Drivers/STM32L4xx_HAL_Driver/Src/stm32l4xx_ll_exti.o
 .comment       0x000000000000007b       0x7c Drivers/STM32L4xx_HAL_Driver/Src/stm32l4xx_ll_gpio.o
 .comment       0x000000000000007b       0x7c Drivers/STM32L4xx_HAL_Driver/Src/stm32l4xx_ll_rcc.o
 .comment       0x000000000000007b       0x7c Drivers/STM32L4xx_HAL_Driver/Src/stm32l4xx_ll_spi.o
 .comment       0x000000000000007b       0x7c Drivers/STM32L4xx_HAL_Driver/Src/stm32l4xx_ll_usart.o
 .comment       0x000000000000007b       0x7c Drivers/STM32L4xx_HAL_Driver/Src/stm32l4xx_ll_utils.o

.debug_frame    0x0000000000000000     0x2154
 .debug_frame   0x0000000000000000      0x250 Core/Src/clock.o
 .debug_frame   0x0000000000000250      0x224 Core/Src/gpio.o
 .debug_frame   0x0000000000000474       0xe8 Core/Src/main.o
 .debug_frame   0x000000000000055c       0xd4 Core/Src/spi.o
 .debug_frame   0x0000000000000630      0x15c Core/Src/stm32l4xx_it.o
 .debug_frame   0x000000000000078c       0x58 Core/Src/system_stm32l4xx.o
 .debug_frame   0x00000000000007e4      0x1d8 Core/Src/usart.o
 .debug_frame   0x00000000000009bc      0x2fc Drivers/STM32L4xx_HAL_Driver/Src/stm32l4xx_ll_exti.o
 .debug_frame   0x0000000000000cb8      0x1c0 Drivers/STM32L4xx_HAL_Driver/Src/stm32l4xx_ll_gpio.o
 .debug_frame   0x0000000000000e78      0x9f0 Drivers/STM32L4xx_HAL_Driver/Src/stm32l4xx_ll_rcc.o
 .debug_frame   0x0000000000001868      0x170 Drivers/STM32L4xx_HAL_Driver/Src/stm32l4xx_ll_spi.o
 .debug_frame   0x00000000000019d8      0x234 Drivers/STM32L4xx_HAL_Driver/Src/stm32l4xx_ll_usart.o
 .debug_frame   0x0000000000001c0c      0x4fc Drivers/STM32L4xx_HAL_Driver/Src/stm32l4xx_ll_utils.o
 .debug_frame   0x0000000000002108       0x2c c:/st/stm32cubeide_1.4.0/stm32cubeide/plugins/com.st.stm32cube.ide.mcu.externaltools.gnu-tools-for-stm32.7-2018-q2-update.win32_1.4.0.202007081208/tools/bin/../lib/gcc/arm-none-eabi/7.3.1/../../../../arm-none-eabi/lib/thumb/v7e-m/fpv4-sp/hard\libc_nano.a(lib_a-init.o)
 .debug_frame   0x0000000000002134       0x20 c:/st/stm32cubeide_1.4.0/stm32cubeide/plugins/com.st.stm32cube.ide.mcu.externaltools.gnu-tools-for-stm32.7-2018-q2-update.win32_1.4.0.202007081208/tools/bin/../lib/gcc/arm-none-eabi/7.3.1/../../../../arm-none-eabi/lib/thumb/v7e-m/fpv4-sp/hard\libc_nano.a(lib_a-memset.o)
