../Drivers/CMSIS/Include/core_cm4.h:1648:22:__NVIC_SetPriorityGrouping	24	static
../Drivers/STM32L4xx_HAL_Driver/Inc/stm32l4xx_ll_bus.h:1089:22:LL_APB1_GRP1_EnableClock	24	static
../Drivers/STM32L4xx_HAL_Driver/Inc/stm32l4xx_ll_bus.h:1675:22:LL_APB2_GRP1_EnableClock	24	static
../Drivers/STM32L4xx_HAL_Driver/Inc/stm32l4xx_ll_rtc.h:4839:22:LL_RTC_BAK_SetRegister	32	static
../Drivers/STM32L4xx_HAL_Driver/Inc/stm32l4xx_ll_rtc.h:4889:26:LL_RTC_BAK_GetRegister	24	static
../Core/Src/main.c:44:5:main	8	static
../Core/Src/main.c:145:6:SysTick_Handler	16	static
../Core/Src/main.c:173:6:Error_Handler	4	static
