Archive member included to satisfy reference by file (symbol)

c:/st/stm32cubeide_1.4.0/stm32cubeide/plugins/com.st.stm32cube.ide.mcu.externaltools.gnu-tools-for-stm32.7-2018-q2-update.win32_1.4.0.202007081208/tools/bin/../lib/gcc/arm-none-eabi/7.3.1/../../../../arm-none-eabi/lib/thumb/v7e-m/fpv4-sp/hard\libc_nano.a(lib_a-errno.o)
                              Core/Src/syscalls.o (__errno)
c:/st/stm32cubeide_1.4.0/stm32cubeide/plugins/com.st.stm32cube.ide.mcu.externaltools.gnu-tools-for-stm32.7-2018-q2-update.win32_1.4.0.202007081208/tools/bin/../lib/gcc/arm-none-eabi/7.3.1/../../../../arm-none-eabi/lib/thumb/v7e-m/fpv4-sp/hard\libc_nano.a(lib_a-exit.o)
                              c:/st/stm32cubeide_1.4.0/stm32cubeide/plugins/com.st.stm32cube.ide.mcu.externaltools.gnu-tools-for-stm32.7-2018-q2-update.win32_1.4.0.202007081208/tools/bin/../lib/gcc/arm-none-eabi/7.3.1/../../../../arm-none-eabi/lib/thumb/v7e-m/fpv4-sp/hard/crt0.o (exit)
c:/st/stm32cubeide_1.4.0/stm32cubeide/plugins/com.st.stm32cube.ide.mcu.externaltools.gnu-tools-for-stm32.7-2018-q2-update.win32_1.4.0.202007081208/tools/bin/../lib/gcc/arm-none-eabi/7.3.1/../../../../arm-none-eabi/lib/thumb/v7e-m/fpv4-sp/hard\libc_nano.a(lib_a-impure.o)
                              c:/st/stm32cubeide_1.4.0/stm32cubeide/plugins/com.st.stm32cube.ide.mcu.externaltools.gnu-tools-for-stm32.7-2018-q2-update.win32_1.4.0.202007081208/tools/bin/../lib/gcc/arm-none-eabi/7.3.1/../../../../arm-none-eabi/lib/thumb/v7e-m/fpv4-sp/hard\libc_nano.a(lib_a-exit.o) (_global_impure_ptr)
c:/st/stm32cubeide_1.4.0/stm32cubeide/plugins/com.st.stm32cube.ide.mcu.externaltools.gnu-tools-for-stm32.7-2018-q2-update.win32_1.4.0.202007081208/tools/bin/../lib/gcc/arm-none-eabi/7.3.1/../../../../arm-none-eabi/lib/thumb/v7e-m/fpv4-sp/hard\libc_nano.a(lib_a-init.o)
                              c:/st/stm32cubeide_1.4.0/stm32cubeide/plugins/com.st.stm32cube.ide.mcu.externaltools.gnu-tools-for-stm32.7-2018-q2-update.win32_1.4.0.202007081208/tools/bin/../lib/gcc/arm-none-eabi/7.3.1/../../../../arm-none-eabi/lib/thumb/v7e-m/fpv4-sp/hard/crt0.o (__libc_init_array)
c:/st/stm32cubeide_1.4.0/stm32cubeide/plugins/com.st.stm32cube.ide.mcu.externaltools.gnu-tools-for-stm32.7-2018-q2-update.win32_1.4.0.202007081208/tools/bin/../lib/gcc/arm-none-eabi/7.3.1/../../../../arm-none-eabi/lib/thumb/v7e-m/fpv4-sp/hard\libc_nano.a(lib_a-memset.o)
                              c:/st/stm32cubeide_1.4.0/stm32cubeide/plugins/com.st.stm32cube.ide.mcu.externaltools.gnu-tools-for-stm32.7-2018-q2-update.win32_1.4.0.202007081208/tools/bin/../lib/gcc/arm-none-eabi/7.3.1/../../../../arm-none-eabi/lib/thumb/v7e-m/fpv4-sp/hard/crt0.o (memset)

Allocating common symbols
Common symbol       size              file

pipe_TX             0x1               Core/Src/RadioFunctions.o
pipe_message_recu   0x1               Core/Src/RadioFunctions.o
Message             0x14              Core/Src/main.o
tx_result           0x1               Core/Src/RadioFunctions.o
nRF24_payload_recu  0x20              Core/Src/RadioFunctions.o

Discarded input sections

 .text          0x0000000000000000        0x0 c:/st/stm32cubeide_1.4.0/stm32cubeide/plugins/com.st.stm32cube.ide.mcu.externaltools.gnu-tools-for-stm32.7-2018-q2-update.win32_1.4.0.202007081208/tools/bin/../lib/gcc/arm-none-eabi/7.3.1/thumb/v7e-m/fpv4-sp/hard/crti.o
 .data          0x0000000000000000        0x0 c:/st/stm32cubeide_1.4.0/stm32cubeide/plugins/com.st.stm32cube.ide.mcu.externaltools.gnu-tools-for-stm32.7-2018-q2-update.win32_1.4.0.202007081208/tools/bin/../lib/gcc/arm-none-eabi/7.3.1/thumb/v7e-m/fpv4-sp/hard/crti.o
 .bss           0x0000000000000000        0x0 c:/st/stm32cubeide_1.4.0/stm32cubeide/plugins/com.st.stm32cube.ide.mcu.externaltools.gnu-tools-for-stm32.7-2018-q2-update.win32_1.4.0.202007081208/tools/bin/../lib/gcc/arm-none-eabi/7.3.1/thumb/v7e-m/fpv4-sp/hard/crti.o
 .data          0x0000000000000000        0x4 c:/st/stm32cubeide_1.4.0/stm32cubeide/plugins/com.st.stm32cube.ide.mcu.externaltools.gnu-tools-for-stm32.7-2018-q2-update.win32_1.4.0.202007081208/tools/bin/../lib/gcc/arm-none-eabi/7.3.1/thumb/v7e-m/fpv4-sp/hard/crtbegin.o
 .text          0x0000000000000000       0x74 c:/st/stm32cubeide_1.4.0/stm32cubeide/plugins/com.st.stm32cube.ide.mcu.externaltools.gnu-tools-for-stm32.7-2018-q2-update.win32_1.4.0.202007081208/tools/bin/../lib/gcc/arm-none-eabi/7.3.1/../../../../arm-none-eabi/lib/thumb/v7e-m/fpv4-sp/hard/crt0.o
 .data          0x0000000000000000        0x0 c:/st/stm32cubeide_1.4.0/stm32cubeide/plugins/com.st.stm32cube.ide.mcu.externaltools.gnu-tools-for-stm32.7-2018-q2-update.win32_1.4.0.202007081208/tools/bin/../lib/gcc/arm-none-eabi/7.3.1/../../../../arm-none-eabi/lib/thumb/v7e-m/fpv4-sp/hard/crt0.o
[...]
Memory Configuration

Name             Origin             Length             Attributes
RAM              0x0000000020000000 0x0000000000018000 xrw
RAM2             0x0000000010000000 0x0000000000008000 xrw
FLASH            0x0000000008000000 0x0000000000100000 xr
*default*        0x0000000000000000 0xffffffffffffffff

Linker script and memory map

LOAD c:/st/stm32cubeide_1.4.0/stm32cubeide/plugins/com.st.stm32cube.ide.mcu.externaltools.gnu-tools-for-stm32.7-2018-q2-update.win32_1.4.0.202007081208/tools/bin/../lib/gcc/arm-none-eabi/7.3.1/thumb/v7e-m/fpv4-sp/hard/crti.o
LOAD c:/st/stm32cubeide_1.4.0/stm32cubeide/plugins/com.st.stm32cube.ide.mcu.externaltools.gnu-tools-for-stm32.7-2018-q2-update.win32_1.4.0.202007081208/tools/bin/../lib/gcc/arm-none-eabi/7.3.1/thumb/v7e-m/fpv4-sp/hard/crtbegin.o
LOAD c:/st/stm32cubeide_1.4.0/stm32cubeide/plugins/com.st.stm32cube.ide.mcu.externaltools.gnu-tools-for-stm32.7-2018-q2-update.win32_1.4.0.202007081208/tools/bin/../lib/gcc/arm-none-eabi/7.3.1/../../../../arm-none-eabi/lib/thumb/v7e-m/fpv4-sp/hard/crt0.o
LOAD Core/Src/RadioFunctions.o
LOAD Core/Src/clock.o
LOAD Core/Src/gpio.o
LOAD Core/Src/main.o
LOAD Core/Src/nrf24.o
LOAD Core/Src/spi.o
LOAD Core/Src/stm32l4xx_it.o
LOAD Core/Src/syscalls.o
LOAD Core/Src/sysmem.o
LOAD Core/Src/system_stm32l4xx.o
LOAD Core/Src/usart.o
LOAD Core/Startup/startup_stm32l476rgtx.o
LOAD Drivers/STM32L4xx_HAL_Driver/Src/stm32l4xx_ll_dma.o
LOAD Drivers/STM32L4xx_HAL_Driver/Src/stm32l4xx_ll_exti.o
LOAD Drivers/STM32L4xx_HAL_Driver/Src/stm32l4xx_ll_gpio.o
LOAD Drivers/STM32L4xx_HAL_Driver/Src/stm32l4xx_ll_pwr.o
LOAD Drivers/STM32L4xx_HAL_Driver/Src/stm32l4xx_ll_rcc.o
LOAD Drivers/STM32L4xx_HAL_Driver/Src/stm32l4xx_ll_spi.o
LOAD Drivers/STM32L4xx_HAL_Driver/Src/stm32l4xx_ll_usart.o
LOAD Drivers/STM32L4xx_HAL_Driver/Src/stm32l4xx_ll_utils.o
START GROUP
LOAD c:/st/stm32cubeide_1.4.0/stm32cubeide/plugins/com.st.stm32cube.ide.mcu.externaltools.gnu-tools-for-stm32.7-2018-q2-update.win32_1.4.0.202007081208/tools/bin/../lib/gcc/arm-none-eabi/7.3.1/../../../../arm-none-eabi/lib/thumb/v7e-m/fpv4-sp/hard\libc_nano.a
LOAD c:/st/stm32cubeide_1.4.0/stm32cubeide/plugins/com.st.stm32cube.ide.mcu.externaltools.gnu-tools-for-stm32.7-2018-q2-update.win32_1.4.0.202007081208/tools/bin/../lib/gcc/arm-none-eabi/7.3.1/../../../../arm-none-eabi/lib/thumb/v7e-m/fpv4-sp/hard\libm.a
END GROUP
START GROUP
LOAD c:/st/stm32cubeide_1.4.0/stm32cubeide/plugins/com.st.stm32cube.ide.mcu.externaltools.gnu-tools-for-stm32.7-2018-q2-update.win32_1.4.0.202007081208/tools/bin/../lib/gcc/arm-none-eabi/7.3.1/thumb/v7e-m/fpv4-sp/hard\libgcc.a
LOAD c:/st/stm32cubeide_1.4.0/stm32cubeide/plugins/com.st.stm32cube.ide.mcu.externaltools.gnu-tools-for-stm32.7-2018-q2-update.win32_1.4.0.202007081208/tools/bin/../lib/gcc/arm-none-eabi/7.3.1/../../../../arm-none-eabi/lib/thumb/v7e-m/fpv4-sp/hard\libc_nano.a
END GROUP
START GROUP
LOAD c:/st/stm32cubeide_1.4.0/stm32cubeide/plugins/com.st.stm32cube.ide.mcu.externaltools.gnu-tools-for-stm32.7-2018-q2-update.win32_1.4.0.202007081208/tools/bin/../lib/gcc/arm-none-eabi/7.3.1/thumb/v7e-m/fpv4-sp/hard\libgcc.a
LOAD c:/st/stm32cubeide_1.4.0/stm32cubeide/plugins/com.st.stm32cube.ide.mcu.externaltools.gnu-tools-for-stm32.7-2018-q2-update.win32_1.4.0.202007081208/tools/bin/../lib/gcc/arm-none-eabi/7.3.1/../../../../arm-none-eabi/lib/thumb/v7e-m/fpv4-sp/hard\libc_nano.a
LOAD c:/st/stm32cubeide_1.4.0/stm32cubeide/plugins/com.st.stm32cube.ide.mcu.externaltools.gnu-tools-for-stm32.7-2018-q2-update.win32_1.4.0.202007081208/tools/bin/../lib/gcc/arm-none-eabi/7.3.1/../../../../arm-none-eabi/lib/thumb/v7e-m/fpv4-sp/hard\libnosys.a
END GROUP
START GROUP
LOAD c:/st/stm32cubeide_1.4.0/stm32cubeide/plugins/com.st.stm32cube.ide.mcu.externaltools.gnu-tools-for-stm32.7-2018-q2-update.win32_1.4.0.202007081208/tools/bin/../lib/gcc/arm-none-eabi/7.3.1/thumb/v7e-m/fpv4-sp/hard\libgcc.a
LOAD c:/st/stm32cubeide_1.4.0/stm32cubeide/plugins/com.st.stm32cube.ide.mcu.externaltools.gnu-tools-for-stm32.7-2018-q2-update.win32_1.4.0.202007081208/tools/bin/../lib/gcc/arm-none-eabi/7.3.1/../../../../arm-none-eabi/lib/thumb/v7e-m/fpv4-sp/hard\libc_nano.a
LOAD c:/st/stm32cubeide_1.4.0/stm32cubeide/plugins/com.st.stm32cube.ide.mcu.externaltools.gnu-tools-for-stm32.7-2018-q2-update.win32_1.4.0.202007081208/tools/bin/../lib/gcc/arm-none-eabi/7.3.1/../../../../arm-none-eabi/lib/thumb/v7e-m/fpv4-sp/hard\libnosys.a
END GROUP
LOAD c:/st/stm32cubeide_1.4.0/stm32cubeide/plugins/com.st.stm32cube.ide.mcu.externaltools.gnu-tools-for-stm32.7-2018-q2-update.win32_1.4.0.202007081208/tools/bin/../lib/gcc/arm-none-eabi/7.3.1/thumb/v7e-m/fpv4-sp/hard/crtend.o
LOAD c:/st/stm32cubeide_1.4.0/stm32cubeide/plugins/com.st.stm32cube.ide.mcu.externaltools.gnu-tools-for-stm32.7-2018-q2-update.win32_1.4.0.202007081208/tools/bin/../lib/gcc/arm-none-eabi/7.3.1/thumb/v7e-m/fpv4-sp/hard/crtn.o
                0x0000000020018000                _estack = (ORIGIN (RAM) + LENGTH (RAM))
                0x0000000000000200                _Min_Heap_Size = 0x200
                0x0000000000000400                _Min_Stack_Size = 0x400

.isr_vector     0x0000000008000000      0x188
                0x0000000008000000                . = ALIGN (0x4)
 *(.isr_vector)
 .isr_vector    0x0000000008000000      0x188 Core/Startup/startup_stm32l476rgtx.o
                0x0000000008000000                g_pfnVectors
                0x0000000008000188                . = ALIGN (0x4)

.text           0x0000000008000188     0x2e94
                0x0000000008000188                . = ALIGN (0x4)
 *(.text)
 .text          0x0000000008000188       0x40 c:/st/stm32cubeide_1.4.0/stm32cubeide/plugins/com.st.stm32cube.ide.mcu.externaltools.gnu-tools-for-stm32.7-2018-q2-update.win32_1.4.0.202007081208/tools/bin/../lib/gcc/arm-none-eabi/7.3.1/thumb/v7e-m/fpv4-sp/hard/crtbegin.o
 *(.text*)
 .text.LL_GPIO_SetOutputPin
                0x00000000080001c8       0x1c Core/Src/RadioFunctions.o
 .text.LL_GPIO_ResetOutputPin
                0x00000000080001e4       0x1c Core/Src/RadioFunctions.o
 .text.nRF24_CE_L
                0x0000000008000200       0x14 Core/Src/RadioFunctions.o
 .text.nRF24_CE_H
                0x0000000008000214       0x14 Core/Src/RadioFunctions.o
 .text.Delay_ms
                0x0000000008000228       0x16 Core/Src/RadioFunctions.o
 *fill*         0x000000000800023e        0x2 
 .text.nRF24_TransmitPacket
                0x0000000008000240       0xa0 Core/Src/RadioFunctions.o
                0x0000000008000240                nRF24_TransmitPacket
 .text.Init_Transceiver
                0x00000000080002e0       0x48 Core/Src/RadioFunctions.o
                0x00000000080002e0                Init_Transceiver
 .text.Config_RF_channel
                0x0000000008000328       0x32 Core/Src/RadioFunctions.o
                0x0000000008000328                Config_RF_channel
 .text.Config_CRC
                0x000000000800035a       0x3a Core/Src/RadioFunctions.o
                0x000000000800035a                Config_CRC
 .text.Config_PTX_adress
                0x0000000008000394      0x258 Core/Src/RadioFunctions.o
                0x0000000008000394                Config_PTX_adress
 .text.Config_ESB_Protocol
                0x00000000080005ec       0x48 Core/Src/RadioFunctions.o
                0x00000000080005ec                Config_ESB_Protocol
 .text.StopListen
                0x0000000008000634        0xc Core/Src/RadioFunctions.o
                0x0000000008000634                StopListen
 .text.Transmit_Message
                0x0000000008000640       0xa4 Core/Src/RadioFunctions.o
                0x0000000008000640                Transmit_Message
 .text.__NVIC_SetPriority
                0x00000000080006e4       0x54 Core/Src/clock.o
 .text.LL_RCC_MSI_Enable
                0x0000000008000738       0x20 Core/Src/clock.o
 .text.LL_RCC_MSI_IsReady
                0x0000000008000758       0x24 Core/Src/clock.o
 .text.LL_RCC_SetSysClkSource
                0x000000000800077c       0x28 Core/Src/clock.o
 .text.LL_RCC_GetSysClkSource
                0x00000000080007a4       0x1c Core/Src/clock.o
 .text.LL_RCC_SetAHBPrescaler
                0x00000000080007c0       0x28 Core/Src/clock.o
 .text.LL_RCC_SetAPB1Prescaler
                0x00000000080007e8       0x28 Core/Src/clock.o
 .text.LL_RCC_SetAPB2Prescaler
                0x0000000008000810       0x28 Core/Src/clock.o
 .text.LL_RCC_SetUSARTClockSource
                0x0000000008000838       0x34 Core/Src/clock.o
 .text.LL_RCC_PLL_Enable
                0x000000000800086c       0x20 Core/Src/clock.o
 .text.LL_RCC_PLL_IsReady
                0x000000000800088c       0x28 Core/Src/clock.o
 .text.LL_RCC_PLL_ConfigDomain_SYS
                0x00000000080008b4       0x40 Core/Src/clock.o
 .text.LL_RCC_PLL_EnableDomain_SYS
                0x00000000080008f4       0x20 Core/Src/clock.o
 .text.LL_PWR_SetRegulVoltageScaling
                0x0000000008000914       0x28 Core/Src/clock.o
 .text.LL_FLASH_SetLatency
                0x000000000800093c       0x28 Core/Src/clock.o
 .text.SystemClock_Config_80M
                0x0000000008000964       0x84 Core/Src/clock.o
                0x0000000008000964                SystemClock_Config_80M
 .text.mySystick
                0x00000000080009e8       0x40 Core/Src/clock.o
                0x00000000080009e8                mySystick
 .text.__NVIC_GetPriorityGrouping
                0x0000000008000a28       0x1c Core/Src/gpio.o
 .text.__NVIC_EnableIRQ
                0x0000000008000a44       0x3c Core/Src/gpio.o
 .text.__NVIC_SetPriority
                0x0000000008000a80       0x54 Core/Src/gpio.o
 .text.NVIC_EncodePriority
                0x0000000008000ad4       0x66 Core/Src/gpio.o
 *fill*         0x0000000008000b3a        0x2 
 .text.LL_AHB2_GRP1_EnableClock
                0x0000000008000b3c       0x30 Core/Src/gpio.o
 .text.LL_GPIO_SetPinMode
                0x0000000008000b6c       0x7a Core/Src/gpio.o
 .text.LL_GPIO_SetPinPull
                0x0000000008000be6       0x7a Core/Src/gpio.o
 .text.LL_GPIO_ResetOutputPin
                0x0000000008000c60       0x1c Core/Src/gpio.o
 .text.LL_SYSCFG_SetEXTISource
                0x0000000008000c7c       0x6c Core/Src/gpio.o
 .text.GPIO_init
                0x0000000008000ce8      0x140 Core/Src/gpio.o
                0x0000000008000ce8                GPIO_init
 .text.__NVIC_SetPriorityGrouping
                0x0000000008000e28       0x48 Core/Src/main.o
 .text.LL_APB1_GRP1_EnableClock
                0x0000000008000e70       0x30 Core/Src/main.o
 .text.LL_APB2_GRP1_EnableClock
                0x0000000008000ea0       0x30 Core/Src/main.o
 .text.Delay_ms
                0x0000000008000ed0       0x16 Core/Src/main.o
 *fill*         0x0000000008000ee6        0x2 
 .text.main     0x0000000008000ee8       0x94 Core/Src/main.o
                0x0000000008000ee8                main
 .text.SysTick_Handler
                0x0000000008000f7c       0x90 Core/Src/main.o
                0x0000000008000f7c                SysTick_Handler
 .text.LL_GPIO_SetOutputPin
                0x000000000800100c       0x1c Core/Src/nrf24.o
 .text.LL_GPIO_ResetOutputPin
                0x0000000008001028       0x1c Core/Src/nrf24.o
 .text.LL_SPI_Enable
                0x0000000008001044       0x20 Core/Src/nrf24.o
 .text.LL_SPI_SetRxFIFOThreshold
                0x0000000008001064       0x26 Core/Src/nrf24.o
 .text.LL_SPI_IsActiveFlag_RXNE
                0x000000000800108a       0x26 Core/Src/nrf24.o
 .text.LL_SPI_IsActiveFlag_TXE
                0x00000000080010b0       0x26 Core/Src/nrf24.o
 .text.LL_SPI_IsActiveFlag_BSY
                0x00000000080010d6       0x26 Core/Src/nrf24.o
 .text.LL_SPI_ReceiveData8
                0x00000000080010fc       0x1a Core/Src/nrf24.o
 .text.LL_SPI_TransmitData8
                0x0000000008001116       0x24 Core/Src/nrf24.o
 .text.nRF24_CSN_L
                0x000000000800113a       0x12 Core/Src/nrf24.o
 .text.nRF24_CSN_H
                0x000000000800114c       0x12 Core/Src/nrf24.o
 *fill*         0x000000000800115e        0x2 
 .text.nRF24_LL_RW
                0x0000000008001160       0x64 Core/Src/nrf24.o
 .text.nRF24_ReadReg
                0x00000000080011c4       0x34 Core/Src/nrf24.o
 .text.nRF24_WriteReg
                0x00000000080011f8       0x70 Core/Src/nrf24.o
 .text.nRF24_ReadMBReg
                0x0000000008001268       0x44 Core/Src/nrf24.o
 .text.nRF24_WriteMBReg
                0x00000000080012ac       0x42 Core/Src/nrf24.o
 .text.ReadReg  0x00000000080012ee       0x1c Core/Src/nrf24.o
                0x00000000080012ee                ReadReg
 .text.ReadMBReg
                0x000000000800130a       0x24 Core/Src/nrf24.o
                0x000000000800130a                ReadMBReg
 .text.nRF24_Init
                0x000000000800132e       0x98 Core/Src/nrf24.o
                0x000000000800132e                nRF24_Init
 *fill*         0x00000000080013c6        0x2 
 .text.nRF24_Check
                0x00000000080013c8       0x5c Core/Src/nrf24.o
                0x00000000080013c8                nRF24_Check
 .text.nRF24_SetPowerMode
                0x0000000008001424       0x3e Core/Src/nrf24.o
                0x0000000008001424                nRF24_SetPowerMode
 .text.nRF24_SetOperationalMode
                0x0000000008001462       0x42 Core/Src/nrf24.o
                0x0000000008001462                nRF24_SetOperationalMode
 .text.nRF24_SetCRCScheme
                0x00000000080014a4       0x42 Core/Src/nrf24.o
                0x00000000080014a4                nRF24_SetCRCScheme
 .text.nRF24_SetRFChannel
                0x00000000080014e6       0x1c Core/Src/nrf24.o
                0x00000000080014e6                nRF24_SetRFChannel
 .text.nRF24_SetAutoRetr
                0x0000000008001502       0x36 Core/Src/nrf24.o
                0x0000000008001502                nRF24_SetAutoRetr
 .text.nRF24_SetAddrWidth
                0x0000000008001538       0x20 Core/Src/nrf24.o
                0x0000000008001538                nRF24_SetAddrWidth
 .text.nRF24_SetAddr
                0x0000000008001558       0xa0 Core/Src/nrf24.o
                0x0000000008001558                nRF24_SetAddr
 .text.nRF24_SetTXPower
                0x00000000080015f8       0x3a Core/Src/nrf24.o
                0x00000000080015f8                nRF24_SetTXPower
 .text.nRF24_SetDataRate
                0x0000000008001632       0x36 Core/Src/nrf24.o
                0x0000000008001632                nRF24_SetDataRate
 .text.nRF24_SetRXPipe
                0x0000000008001668       0xa8 Core/Src/nrf24.o
                0x0000000008001668                nRF24_SetRXPipe
 .text.nRF24_EnableAA
                0x0000000008001710       0x3a Core/Src/nrf24.o
                0x0000000008001710                nRF24_EnableAA
 .text.nRF24_GetStatus
                0x000000000800174a       0x10 Core/Src/nrf24.o
                0x000000000800174a                nRF24_GetStatus
 .text.nRF24_FlushTX
                0x000000000800175a       0x10 Core/Src/nrf24.o
                0x000000000800175a                nRF24_FlushTX
 .text.nRF24_FlushRX
                0x000000000800176a       0x10 Core/Src/nrf24.o
                0x000000000800176a                nRF24_FlushRX
 .text.nRF24_ClearIRQFlags
                0x000000000800177a       0x2a Core/Src/nrf24.o
                0x000000000800177a                nRF24_ClearIRQFlags
 .text.nRF24_WritePayload
                0x00000000080017a4       0x20 Core/Src/nrf24.o
                0x00000000080017a4                nRF24_WritePayload
 .text.LL_AHB2_GRP1_EnableClock
                0x00000000080017c4       0x30 Core/Src/spi.o
 .text.LL_APB2_GRP1_EnableClock
                0x00000000080017f4       0x30 Core/Src/spi.o
 .text.LL_SPI_SetStandard
                0x0000000008001824       0x26 Core/Src/spi.o
 .text.LL_SPI_DisableNSSPulseMgt
                0x000000000800184a       0x20 Core/Src/spi.o
 *fill*         0x000000000800186a        0x2 
 .text.SPI1_Init
                0x000000000800186c       0xac Core/Src/spi.o
                0x000000000800186c                SPI1_Init
 .text.LL_EXTI_IsActiveFlag_0_31
                0x0000000008001918       0x2c Core/Src/stm32l4xx_it.o
 .text.LL_EXTI_ClearFlag_0_31
                0x0000000008001944       0x20 Core/Src/stm32l4xx_it.o
 .text.NMI_Handler
                0x0000000008001964        0xe Core/Src/stm32l4xx_it.o
                0x0000000008001964                NMI_Handler
 .text.HardFault_Handler
                0x0000000008001972        0x6 Core/Src/stm32l4xx_it.o
                0x0000000008001972                HardFault_Handler
 .text.MemManage_Handler
                0x0000000008001978        0x6 Core/Src/stm32l4xx_it.o
                0x0000000008001978                MemManage_Handler
 .text.BusFault_Handler
                0x000000000800197e        0x6 Core/Src/stm32l4xx_it.o
                0x000000000800197e                BusFault_Handler
 .text.UsageFault_Handler
                0x0000000008001984        0x6 Core/Src/stm32l4xx_it.o
                0x0000000008001984                UsageFault_Handler
 .text.SVC_Handler
                0x000000000800198a        0xe Core/Src/stm32l4xx_it.o
                0x000000000800198a                SVC_Handler
 .text.DebugMon_Handler
                0x0000000008001998        0xe Core/Src/stm32l4xx_it.o
                0x0000000008001998                DebugMon_Handler
 .text.PendSV_Handler
                0x00000000080019a6        0xe Core/Src/stm32l4xx_it.o
                0x00000000080019a6                PendSV_Handler
 .text.EXTI0_IRQHandler
                0x00000000080019b4       0x1a Core/Src/stm32l4xx_it.o
                0x00000000080019b4                EXTI0_IRQHandler
 *fill*         0x00000000080019ce        0x2 
 .text.SystemInit
                0x00000000080019d0       0x6c Core/Src/system_stm32l4xx.o
                0x00000000080019d0                SystemInit
 .text.LL_USART_Enable
                0x0000000008001a3c       0x20 Core/Src/usart.o
 .text.LL_USART_ConfigAsyncMode
                0x0000000008001a5c       0x2c Core/Src/usart.o
 .text.LL_USART_IsActiveFlag_TXE
                0x0000000008001a88       0x26 Core/Src/usart.o
 .text.LL_USART_TransmitData8
                0x0000000008001aae       0x20 Core/Src/usart.o
 *fill*         0x0000000008001ace        0x2 
 .text.LL_AHB2_GRP1_EnableClock
                0x0000000008001ad0       0x30 Core/Src/usart.o
 .text.LL_APB1_GRP1_EnableClock
                0x0000000008001b00       0x30 Core/Src/usart.o
 .text.USART2_Init
                0x0000000008001b30       0xa0 Core/Src/usart.o
                0x0000000008001b30                USART2_Init
 .text.UART_SendChar
                0x0000000008001bd0       0x30 Core/Src/usart.o
                0x0000000008001bd0                UART_SendChar
 .text.UART_SendStr
                0x0000000008001c00       0x2a Core/Src/usart.o
                0x0000000008001c00                UART_SendStr
 *fill*         0x0000000008001c2a        0x2 
 .text.UART_SendBufHex
                0x0000000008001c2c       0x58 Core/Src/usart.o
                0x0000000008001c2c                UART_SendBufHex
 .text.UART_SendHex8
                0x0000000008001c84       0x38 Core/Src/usart.o
                0x0000000008001c84                UART_SendHex8
 .text.Reset_Handler
                0x0000000008001cbc       0x50 Core/Startup/startup_stm32l476rgtx.o
                0x0000000008001cbc                Reset_Handler
 .text.Default_Handler
                0x0000000008001d0c        0x2 Core/Startup/startup_stm32l476rgtx.o
                0x0000000008001d0c                RTC_Alarm_IRQHandler
                0x0000000008001d0c                EXTI2_IRQHandler
                0x0000000008001d0c                TIM8_TRG_COM_IRQHandler
                0x0000000008001d0c                TIM8_CC_IRQHandler
                0x0000000008001d0c                TIM1_CC_IRQHandler
                0x0000000008001d0c                TSC_IRQHandler
                0x0000000008001d0c                TAMP_STAMP_IRQHandler
                0x0000000008001d0c                EXTI3_IRQHandler
                0x0000000008001d0c                LPTIM2_IRQHandler
                0x0000000008001d0c                DFSDM1_FLT1_IRQHandler
                0x0000000008001d0c                I2C3_ER_IRQHandler
                0x0000000008001d0c                DFSDM1_FLT2_IRQHandler
                0x0000000008001d0c                I2C2_EV_IRQHandler
                0x0000000008001d0c                CAN1_RX0_IRQHandler
                0x0000000008001d0c                FPU_IRQHandler
                0x0000000008001d0c                TIM1_UP_TIM16_IRQHandler
                0x0000000008001d0c                ADC1_2_IRQHandler
                0x0000000008001d0c                SPI1_IRQHandler
                0x0000000008001d0c                TIM6_DAC_IRQHandler
                0x0000000008001d0c                TIM8_UP_IRQHandler
                0x0000000008001d0c                DMA2_Channel2_IRQHandler
                0x0000000008001d0c                DMA1_Channel4_IRQHandler
                0x0000000008001d0c                SAI2_IRQHandler
                0x0000000008001d0c                DFSDM1_FLT3_IRQHandler
                0x0000000008001d0c                USART3_IRQHandler
                0x0000000008001d0c                DMA1_Channel7_IRQHandler
                0x0000000008001d0c                CAN1_RX1_IRQHandler
                0x0000000008001d0c                LCD_IRQHandler
                0x0000000008001d0c                UART5_IRQHandler
                0x0000000008001d0c                ADC3_IRQHandler
                0x0000000008001d0c                TIM4_IRQHandler
                0x0000000008001d0c                DMA2_Channel1_IRQHandler
                0x0000000008001d0c                QUADSPI_IRQHandler
                0x0000000008001d0c                I2C1_EV_IRQHandler
                0x0000000008001d0c                DMA1_Channel6_IRQHandler
                0x0000000008001d0c                UART4_IRQHandler
                0x0000000008001d0c                DMA2_Channel4_IRQHandler
                0x0000000008001d0c                TIM3_IRQHandler
                0x0000000008001d0c                RCC_IRQHandler
                0x0000000008001d0c                DMA1_Channel1_IRQHandler
                0x0000000008001d0c                Default_Handler
                0x0000000008001d0c                DMA2_Channel7_IRQHandler
                0x0000000008001d0c                EXTI15_10_IRQHandler
                0x0000000008001d0c                TIM7_IRQHandler
                0x0000000008001d0c                SDMMC1_IRQHandler
                0x0000000008001d0c                TIM5_IRQHandler
                0x0000000008001d0c                I2C3_EV_IRQHandler
                0x0000000008001d0c                EXTI9_5_IRQHandler
                0x0000000008001d0c                RTC_WKUP_IRQHandler
                0x0000000008001d0c                PVD_PVM_IRQHandler
                0x0000000008001d0c                SPI2_IRQHandler
                0x0000000008001d0c                CAN1_TX_IRQHandler
                0x0000000008001d0c                DMA2_Channel5_IRQHandler
                0x0000000008001d0c                DMA1_Channel5_IRQHandler
                0x0000000008001d0c                EXTI4_IRQHandler
                0x0000000008001d0c                RNG_IRQHandler
                0x0000000008001d0c                TIM1_TRG_COM_TIM17_IRQHandler
                0x0000000008001d0c                DMA1_Channel3_IRQHandler
                0x0000000008001d0c                COMP_IRQHandler
                0x0000000008001d0c                WWDG_IRQHandler
                0x0000000008001d0c                LPUART1_IRQHandler
                0x0000000008001d0c                DMA2_Channel6_IRQHandler
                0x0000000008001d0c                TIM2_IRQHandler
                0x0000000008001d0c                EXTI1_IRQHandler
                0x0000000008001d0c                USART2_IRQHandler
                0x0000000008001d0c                DFSDM1_FLT0_IRQHandler
                0x0000000008001d0c                I2C2_ER_IRQHandler
                0x0000000008001d0c                DMA1_Channel2_IRQHandler
                0x0000000008001d0c                TIM8_BRK_IRQHandler
                0x0000000008001d0c                CAN1_SCE_IRQHandler
                0x0000000008001d0c                FLASH_IRQHandler
                0x0000000008001d0c                USART1_IRQHandler
                0x0000000008001d0c                OTG_FS_IRQHandler
                0x0000000008001d0c                SPI3_IRQHandler
                0x0000000008001d0c                I2C1_ER_IRQHandler
                0x0000000008001d0c                FMC_IRQHandler
                0x0000000008001d0c                SWPMI1_IRQHandler
                0x0000000008001d0c                LPTIM1_IRQHandler
                0x0000000008001d0c                SAI1_IRQHandler
                0x0000000008001d0c                DMA2_Channel3_IRQHandler
                0x0000000008001d0c                TIM1_BRK_TIM15_IRQHandler
 *fill*         0x0000000008001d0e        0x2 
 .text.LL_EXTI_EnableIT_0_31
                0x0000000008001d10       0x24 Drivers/STM32L4xx_HAL_Driver/Src/stm32l4xx_ll_exti.o
 .text.LL_EXTI_EnableIT_32_63
                0x0000000008001d34       0x24 Drivers/STM32L4xx_HAL_Driver/Src/stm32l4xx_ll_exti.o
 .text.LL_EXTI_DisableIT_0_31
                0x0000000008001d58       0x28 Drivers/STM32L4xx_HAL_Driver/Src/stm32l4xx_ll_exti.o
 .text.LL_EXTI_DisableIT_32_63
                0x0000000008001d80       0x28 Drivers/STM32L4xx_HAL_Driver/Src/stm32l4xx_ll_exti.o
 .text.LL_EXTI_EnableEvent_0_31
                0x0000000008001da8       0x24 Drivers/STM32L4xx_HAL_Driver/Src/stm32l4xx_ll_exti.o
 .text.LL_EXTI_EnableEvent_32_63
                0x0000000008001dcc       0x24 Drivers/STM32L4xx_HAL_Driver/Src/stm32l4xx_ll_exti.o
 .text.LL_EXTI_DisableEvent_0_31
                0x0000000008001df0       0x28 Drivers/STM32L4xx_HAL_Driver/Src/stm32l4xx_ll_exti.o
 .text.LL_EXTI_DisableEvent_32_63
                0x0000000008001e18       0x28 Drivers/STM32L4xx_HAL_Driver/Src/stm32l4xx_ll_exti.o
 .text.LL_EXTI_EnableRisingTrig_0_31
                0x0000000008001e40       0x24 Drivers/STM32L4xx_HAL_Driver/Src/stm32l4xx_ll_exti.o
 .text.LL_EXTI_EnableRisingTrig_32_63
                0x0000000008001e64       0x24 Drivers/STM32L4xx_HAL_Driver/Src/stm32l4xx_ll_exti.o
 .text.LL_EXTI_DisableRisingTrig_0_31
                0x0000000008001e88       0x28 Drivers/STM32L4xx_HAL_Driver/Src/stm32l4xx_ll_exti.o
 .text.LL_EXTI_DisableRisingTrig_32_63
                0x0000000008001eb0       0x28 Drivers/STM32L4xx_HAL_Driver/Src/stm32l4xx_ll_exti.o
 .text.LL_EXTI_EnableFallingTrig_0_31
                0x0000000008001ed8       0x24 Drivers/STM32L4xx_HAL_Driver/Src/stm32l4xx_ll_exti.o
 .text.LL_EXTI_EnableFallingTrig_32_63
                0x0000000008001efc       0x24 Drivers/STM32L4xx_HAL_Driver/Src/stm32l4xx_ll_exti.o
 .text.LL_EXTI_DisableFallingTrig_0_31
                0x0000000008001f20       0x28 Drivers/STM32L4xx_HAL_Driver/Src/stm32l4xx_ll_exti.o
 .text.LL_EXTI_DisableFallingTrig_32_63
                0x0000000008001f48       0x28 Drivers/STM32L4xx_HAL_Driver/Src/stm32l4xx_ll_exti.o
 .text.LL_EXTI_Init
                0x0000000008001f70      0x1d8 Drivers/STM32L4xx_HAL_Driver/Src/stm32l4xx_ll_exti.o
                0x0000000008001f70                LL_EXTI_Init
 .text.LL_GPIO_SetPinMode
                0x0000000008002148       0x7a Drivers/STM32L4xx_HAL_Driver/Src/stm32l4xx_ll_gpio.o
 .text.LL_GPIO_SetPinOutputType
                0x00000000080021c2       0x30 Drivers/STM32L4xx_HAL_Driver/Src/stm32l4xx_ll_gpio.o
 .text.LL_GPIO_SetPinSpeed
                0x00000000080021f2       0x7a Drivers/STM32L4xx_HAL_Driver/Src/stm32l4xx_ll_gpio.o
 .text.LL_GPIO_SetPinPull
                0x000000000800226c       0x7a Drivers/STM32L4xx_HAL_Driver/Src/stm32l4xx_ll_gpio.o
 .text.LL_GPIO_SetAFPin_0_7
                0x00000000080022e6       0x7a Drivers/STM32L4xx_HAL_Driver/Src/stm32l4xx_ll_gpio.o
 .text.LL_GPIO_SetAFPin_8_15
                0x0000000008002360       0x7e Drivers/STM32L4xx_HAL_Driver/Src/stm32l4xx_ll_gpio.o
 .text.LL_GPIO_Init
                0x00000000080023de       0xec Drivers/STM32L4xx_HAL_Driver/Src/stm32l4xx_ll_gpio.o
                0x00000000080023de                LL_GPIO_Init
 *fill*         0x00000000080024ca        0x2 
 .text.LL_RCC_HSI_IsReady
                0x00000000080024cc       0x28 Drivers/STM32L4xx_HAL_Driver/Src/stm32l4xx_ll_rcc.o
 .text.LL_RCC_LSE_IsReady
                0x00000000080024f4       0x28 Drivers/STM32L4xx_HAL_Driver/Src/stm32l4xx_ll_rcc.o
 .text.LL_RCC_MSI_IsEnabledRangeSelect
                0x000000000800251c       0x24 Drivers/STM32L4xx_HAL_Driver/Src/stm32l4xx_ll_rcc.o
 .text.LL_RCC_MSI_GetRange
                0x0000000008002540       0x1c Drivers/STM32L4xx_HAL_Driver/Src/stm32l4xx_ll_rcc.o
 .text.LL_RCC_MSI_GetRangeAfterStandby
                0x000000000800255c       0x1c Drivers/STM32L4xx_HAL_Driver/Src/stm32l4xx_ll_rcc.o
 .text.LL_RCC_GetSysClkSource
                0x0000000008002578       0x1c Drivers/STM32L4xx_HAL_Driver/Src/stm32l4xx_ll_rcc.o
 .text.LL_RCC_GetAHBPrescaler
                0x0000000008002594       0x1c Drivers/STM32L4xx_HAL_Driver/Src/stm32l4xx_ll_rcc.o
 .text.LL_RCC_GetAPB1Prescaler
                0x00000000080025b0       0x1c Drivers/STM32L4xx_HAL_Driver/Src/stm32l4xx_ll_rcc.o
 .text.LL_RCC_GetAPB2Prescaler
                0x00000000080025cc       0x1c Drivers/STM32L4xx_HAL_Driver/Src/stm32l4xx_ll_rcc.o
 .text.LL_RCC_GetUSARTClockSource
                0x00000000080025e8       0x28 Drivers/STM32L4xx_HAL_Driver/Src/stm32l4xx_ll_rcc.o
 .text.LL_RCC_GetUARTClockSource
                0x0000000008002610       0x28 Drivers/STM32L4xx_HAL_Driver/Src/stm32l4xx_ll_rcc.o
 .text.LL_RCC_PLL_GetMainSource
                0x0000000008002638       0x1c Drivers/STM32L4xx_HAL_Driver/Src/stm32l4xx_ll_rcc.o
 .text.LL_RCC_PLL_GetN
                0x0000000008002654       0x1c Drivers/STM32L4xx_HAL_Driver/Src/stm32l4xx_ll_rcc.o
 .text.LL_RCC_PLL_GetR
                0x0000000008002670       0x1c Drivers/STM32L4xx_HAL_Driver/Src/stm32l4xx_ll_rcc.o
 .text.LL_RCC_PLL_GetDivider
                0x000000000800268c       0x1c Drivers/STM32L4xx_HAL_Driver/Src/stm32l4xx_ll_rcc.o
 .text.LL_RCC_GetUSARTClockFreq
                0x00000000080026a8      0x1c0 Drivers/STM32L4xx_HAL_Driver/Src/stm32l4xx_ll_rcc.o
                0x00000000080026a8                LL_RCC_GetUSARTClockFreq
 .text.LL_RCC_GetUARTClockFreq
                0x0000000008002868      0x124 Drivers/STM32L4xx_HAL_Driver/Src/stm32l4xx_ll_rcc.o
                0x0000000008002868                LL_RCC_GetUARTClockFreq
 .text.RCC_GetSystemClockFreq
                0x000000000800298c      0x120 Drivers/STM32L4xx_HAL_Driver/Src/stm32l4xx_ll_rcc.o
                0x000000000800298c                RCC_GetSystemClockFreq
 .text.RCC_GetHCLKClockFreq
                0x0000000008002aac       0x2c Drivers/STM32L4xx_HAL_Driver/Src/stm32l4xx_ll_rcc.o
                0x0000000008002aac                RCC_GetHCLKClockFreq
 .text.RCC_GetPCLK1ClockFreq
                0x0000000008002ad8       0x28 Drivers/STM32L4xx_HAL_Driver/Src/stm32l4xx_ll_rcc.o
                0x0000000008002ad8                RCC_GetPCLK1ClockFreq
 .text.RCC_GetPCLK2ClockFreq
                0x0000000008002b00       0x28 Drivers/STM32L4xx_HAL_Driver/Src/stm32l4xx_ll_rcc.o
                0x0000000008002b00                RCC_GetPCLK2ClockFreq
 .text.RCC_PLL_GetFreqDomain_SYS
                0x0000000008002b28      0x10c Drivers/STM32L4xx_HAL_Driver/Src/stm32l4xx_ll_rcc.o
                0x0000000008002b28                RCC_PLL_GetFreqDomain_SYS
 .text.LL_SPI_IsEnabled
                0x0000000008002c34       0x26 Drivers/STM32L4xx_HAL_Driver/Src/stm32l4xx_ll_spi.o
 .text.LL_SPI_SetCRCPolynomial
                0x0000000008002c5a       0x20 Drivers/STM32L4xx_HAL_Driver/Src/stm32l4xx_ll_spi.o
 .text.LL_SPI_Init
                0x0000000008002c7a       0x9c Drivers/STM32L4xx_HAL_Driver/Src/stm32l4xx_ll_spi.o
                0x0000000008002c7a                LL_SPI_Init
 .text.LL_USART_IsEnabled
                0x0000000008002d16       0x26 Drivers/STM32L4xx_HAL_Driver/Src/stm32l4xx_ll_usart.o
 .text.LL_USART_SetStopBitsLength
                0x0000000008002d3c       0x26 Drivers/STM32L4xx_HAL_Driver/Src/stm32l4xx_ll_usart.o
 .text.LL_USART_SetHWFlowCtrl
                0x0000000008002d62       0x26 Drivers/STM32L4xx_HAL_Driver/Src/stm32l4xx_ll_usart.o
 .text.LL_USART_SetBaudRate
                0x0000000008002d88       0x6e Drivers/STM32L4xx_HAL_Driver/Src/stm32l4xx_ll_usart.o
 *fill*         0x0000000008002df6        0x2 
 .text.LL_USART_Init
                0x0000000008002df8       0xf8 Drivers/STM32L4xx_HAL_Driver/Src/stm32l4xx_ll_usart.o
                0x0000000008002df8                LL_USART_Init
 .text.LL_InitTick
                0x0000000008002ef0       0x34 Drivers/STM32L4xx_HAL_Driver/Src/stm32l4xx_ll_utils.o
 .text.LL_Init1msTick
                0x0000000008002f24       0x1a Drivers/STM32L4xx_HAL_Driver/Src/stm32l4xx_ll_utils.o
                0x0000000008002f24                LL_Init1msTick
 *fill*         0x0000000008002f3e        0x2 
 .text.LL_mDelay
                0x0000000008002f40       0x4c Drivers/STM32L4xx_HAL_Driver/Src/stm32l4xx_ll_utils.o
                0x0000000008002f40                LL_mDelay
 .text.LL_SetSystemCoreClock
                0x0000000008002f8c       0x20 Drivers/STM32L4xx_HAL_Driver/Src/stm32l4xx_ll_utils.o
                0x0000000008002f8c                LL_SetSystemCoreClock
 .text.__libc_init_array
                0x0000000008002fac       0x48 c:/st/stm32cubeide_1.4.0/stm32cubeide/plugins/com.st.stm32cube.ide.mcu.externaltools.gnu-tools-for-stm32.7-2018-q2-update.win32_1.4.0.202007081208/tools/bin/../lib/gcc/arm-none-eabi/7.3.1/../../../../arm-none-eabi/lib/thumb/v7e-m/fpv4-sp/hard\libc_nano.a(lib_a-init.o)
                0x0000000008002fac                __libc_init_array
 .text.memset   0x0000000008002ff4       0x10 c:/st/stm32cubeide_1.4.0/stm32cubeide/plugins/com.st.stm32cube.ide.mcu.externaltools.gnu-tools-for-stm32.7-2018-q2-update.win32_1.4.0.202007081208/tools/bin/../lib/gcc/arm-none-eabi/7.3.1/../../../../arm-none-eabi/lib/thumb/v7e-m/fpv4-sp/hard\libc_nano.a(lib_a-memset.o)
                0x0000000008002ff4                memset
 *(.glue_7)
 .glue_7        0x0000000008003004        0x0 linker stubs
 *(.glue_7t)
 .glue_7t       0x0000000008003004        0x0 linker stubs
 *(.eh_frame)
 .eh_frame      0x0000000008003004        0x0 c:/st/stm32cubeide_1.4.0/stm32cubeide/plugins/com.st.stm32cube.ide.mcu.externaltools.gnu-tools-for-stm32.7-2018-q2-update.win32_1.4.0.202007081208/tools/bin/../lib/gcc/arm-none-eabi/7.3.1/thumb/v7e-m/fpv4-sp/hard/crtbegin.o
 *(.init)
 .init          0x0000000008003004        0x4 c:/st/stm32cubeide_1.4.0/stm32cubeide/plugins/com.st.stm32cube.ide.mcu.externaltools.gnu-tools-for-stm32.7-2018-q2-update.win32_1.4.0.202007081208/tools/bin/../lib/gcc/arm-none-eabi/7.3.1/thumb/v7e-m/fpv4-sp/hard/crti.o
                0x0000000008003004                _init
 .init          0x0000000008003008        0x8 c:/st/stm32cubeide_1.4.0/stm32cubeide/plugins/com.st.stm32cube.ide.mcu.externaltools.gnu-tools-for-stm32.7-2018-q2-update.win32_1.4.0.202007081208/tools/bin/../lib/gcc/arm-none-eabi/7.3.1/thumb/v7e-m/fpv4-sp/hard/crtn.o
 *(.fini)
 .fini          0x0000000008003010        0x4 c:/st/stm32cubeide_1.4.0/stm32cubeide/plugins/com.st.stm32cube.ide.mcu.externaltools.gnu-tools-for-stm32.7-2018-q2-update.win32_1.4.0.202007081208/tools/bin/../lib/gcc/arm-none-eabi/7.3.1/thumb/v7e-m/fpv4-sp/hard/crti.o
                0x0000000008003010                _fini
 .fini          0x0000000008003014        0x8 c:/st/stm32cubeide_1.4.0/stm32cubeide/plugins/com.st.stm32cube.ide.mcu.externaltools.gnu-tools-for-stm32.7-2018-q2-update.win32_1.4.0.202007081208/tools/bin/../lib/gcc/arm-none-eabi/7.3.1/thumb/v7e-m/fpv4-sp/hard/crtn.o
                0x000000000800301c                . = ALIGN (0x4)
                0x000000000800301c                _etext = .

.vfp11_veneer   0x000000000800301c        0x0
 .vfp11_veneer  0x000000000800301c        0x0 linker stubs

.v4_bx          0x000000000800301c        0x0
 .v4_bx         0x000000000800301c        0x0 linker stubs

.iplt           0x000000000800301c        0x0
 .iplt          0x000000000800301c        0x0 c:/st/stm32cubeide_1.4.0/stm32cubeide/plugins/com.st.stm32cube.ide.mcu.externaltools.gnu-tools-for-stm32.7-2018-q2-update.win32_1.4.0.202007081208/tools/bin/../lib/gcc/arm-none-eabi/7.3.1/thumb/v7e-m/fpv4-sp/hard/crtbegin.o

.rodata         0x000000000800301c      0x17c
                0x000000000800301c                . = ALIGN (0x4)
 *(.rodata)
 .rodata        0x000000000800301c       0xf3 Core/Src/RadioFunctions.o
 *fill*         0x000000000800310f        0x1 
 .rodata        0x0000000008003110        0x6 Core/Src/nrf24.o
 *fill*         0x0000000008003116        0x2 
 .rodata        0x0000000008003118       0x11 Core/Src/usart.o
 *(.rodata*)
 *fill*         0x0000000008003129        0x3 
 .rodata.entete_message
                0x000000000800312c       0x11 Core/Src/main.o
                0x000000000800312c                entete_message
 *fill*         0x000000000800313d        0x3 
 .rodata.nRF24_RX_PW_PIPE
                0x0000000008003140        0x6 Core/Src/nrf24.o
 *fill*         0x0000000008003146        0x2 
 .rodata.nRF24_ADDR_REGS
                0x0000000008003148        0x7 Core/Src/nrf24.o
 *fill*         0x000000000800314f        0x1 
 .rodata.AHBPrescTable
                0x0000000008003150       0x10 Core/Src/system_stm32l4xx.o
                0x0000000008003150                AHBPrescTable
 .rodata.APBPrescTable
                0x0000000008003160        0x8 Core/Src/system_stm32l4xx.o
                0x0000000008003160                APBPrescTable
 .rodata.MSIRangeTable
                0x0000000008003168       0x30 Core/Src/system_stm32l4xx.o
                0x0000000008003168                MSIRangeTable
                0x0000000008003198                . = ALIGN (0x4)

.rel.dyn        0x0000000008003198        0x0
 .rel.iplt      0x0000000008003198        0x0 c:/st/stm32cubeide_1.4.0/stm32cubeide/plugins/com.st.stm32cube.ide.mcu.externaltools.gnu-tools-for-stm32.7-2018-q2-update.win32_1.4.0.202007081208/tools/bin/../lib/gcc/arm-none-eabi/7.3.1/thumb/v7e-m/fpv4-sp/hard/crtbegin.o

.ARM.extab      0x0000000008003198        0x0
                0x0000000008003198                . = ALIGN (0x4)
 *(.ARM.extab* .gnu.linkonce.armextab.*)
                0x0000000008003198                . = ALIGN (0x4)

.ARM            0x0000000008003198        0x0
                0x0000000008003198                . = ALIGN (0x4)
                0x0000000008003198                __exidx_start = .
 *(.ARM.exidx*)
                0x0000000008003198                __exidx_end = .
                0x0000000008003198                . = ALIGN (0x4)

.preinit_array  0x0000000008003198        0x0
                0x0000000008003198                . = ALIGN (0x4)
                0x0000000008003198                PROVIDE (__preinit_array_start = .)
 *(.preinit_array*)
                0x0000000008003198                PROVIDE (__preinit_array_end = .)
                0x0000000008003198                . = ALIGN (0x4)

.init_array     0x0000000008003198        0x4
                0x0000000008003198                . = ALIGN (0x4)
                0x0000000008003198                PROVIDE (__init_array_start = .)
 *(SORT_BY_NAME(.init_array.*))
 *(.init_array*)
 .init_array    0x0000000008003198        0x4 c:/st/stm32cubeide_1.4.0/stm32cubeide/plugins/com.st.stm32cube.ide.mcu.externaltools.gnu-tools-for-stm32.7-2018-q2-update.win32_1.4.0.202007081208/tools/bin/../lib/gcc/arm-none-eabi/7.3.1/thumb/v7e-m/fpv4-sp/hard/crtbegin.o
                0x000000000800319c                PROVIDE (__init_array_end = .)
                0x000000000800319c                . = ALIGN (0x4)

.fini_array     0x000000000800319c        0x4
                0x000000000800319c                . = ALIGN (0x4)
                [!provide]                        PROVIDE (__fini_array_start = .)
 *(SORT_BY_NAME(.fini_array.*))
 *(.fini_array*)
 .fini_array    0x000000000800319c        0x4 c:/st/stm32cubeide_1.4.0/stm32cubeide/plugins/com.st.stm32cube.ide.mcu.externaltools.gnu-tools-for-stm32.7-2018-q2-update.win32_1.4.0.202007081208/tools/bin/../lib/gcc/arm-none-eabi/7.3.1/thumb/v7e-m/fpv4-sp/hard/crtbegin.o
                [!provide]                        PROVIDE (__fini_array_end = .)
                0x00000000080031a0                . = ALIGN (0x4)
                0x00000000080031a0                _sidata = LOADADDR (.data)

.data           0x0000000020000000       0x30 load address 0x00000000080031a0
                0x0000000020000000                . = ALIGN (0x4)
                0x0000000020000000                _sdata = .
 *(.data)
 *(.data*)
 .data.payload_length
                0x0000000020000000        0x1 Core/Src/RadioFunctions.o
                0x0000000020000000                payload_length
 *fill*         0x0000000020000001        0x3 
 .data.addresses_TX
                0x0000000020000004       0x24 Core/Src/RadioFunctions.o
                0x0000000020000004                addresses_TX
 .data.cptr_transmit
                0x0000000020000028        0x1 Core/Src/main.o
                0x0000000020000028                cptr_transmit
 .data.period_transmit
                0x0000000020000029        0x1 Core/Src/main.o
                0x0000000020000029                period_transmit
 .data.channel_nb
                0x000000002000002a        0x1 Core/Src/main.o
                0x000000002000002a                channel_nb
 .data.adr_data_pipe_used
                0x000000002000002b        0x1 Core/Src/main.o
                0x000000002000002b                adr_data_pipe_used
 .data.SystemCoreClock
                0x000000002000002c        0x4 Core/Src/system_stm32l4xx.o
                0x000000002000002c                SystemCoreClock
                0x0000000020000030                . = ALIGN (0x4)
                0x0000000020000030                _edata = .

.igot.plt       0x0000000020000030        0x0 load address 0x00000000080031d0
 .igot.plt      0x0000000020000030        0x0 c:/st/stm32cubeide_1.4.0/stm32cubeide/plugins/com.st.stm32cube.ide.mcu.externaltools.gnu-tools-for-stm32.7-2018-q2-update.win32_1.4.0.202007081208/tools/bin/../lib/gcc/arm-none-eabi/7.3.1/thumb/v7e-m/fpv4-sp/hard/crtbegin.o
                0x0000000020000030                . = ALIGN (0x4)

.bss            0x0000000020000030       0x58 load address 0x00000000080031d0
                0x0000000020000030                _sbss = .
                0x0000000020000030                __bss_start__ = _sbss
 *(.bss)
 .bss           0x0000000020000030       0x1c c:/st/stm32cubeide_1.4.0/stm32cubeide/plugins/com.st.stm32cube.ide.mcu.externaltools.gnu-tools-for-stm32.7-2018-q2-update.win32_1.4.0.202007081208/tools/bin/../lib/gcc/arm-none-eabi/7.3.1/thumb/v7e-m/fpv4-sp/hard/crtbegin.o
 *(.bss*)
 .bss.cptr      0x000000002000004c        0x1 Core/Src/main.o
                0x000000002000004c                cptr
 *(COMMON)
 *fill*         0x000000002000004d        0x3 
 COMMON         0x0000000020000050       0x24 Core/Src/RadioFunctions.o
                0x0000000020000050                pipe_TX
                0x0000000020000051                pipe_message_recu
                0x0000000020000052                tx_result
                0x0000000020000054                nRF24_payload_recu
 COMMON         0x0000000020000074       0x14 Core/Src/main.o
                0x0000000020000074                Message
                0x0000000020000088                . = ALIGN (0x4)
                0x0000000020000088                _ebss = .
                0x0000000020000088                __bss_end__ = _ebss

._user_heap_stack
                0x0000000020000088      0x600 load address 0x00000000080031d0
                0x0000000020000088                . = ALIGN (0x8)
                [!provide]                        PROVIDE (end = .)
                0x0000000020000088                PROVIDE (_end = .)
                0x0000000020000288                . = (. + _Min_Heap_Size)
 *fill*         0x0000000020000088      0x200 
                0x0000000020000688                . = (. + _Min_Stack_Size)
 *fill*         0x0000000020000288      0x400 
                0x0000000020000688                . = ALIGN (0x8)

/DISCARD/
 libc.a(*)
 libm.a(*)
 libgcc.a(*)

.ARM.attributes
                0x0000000000000000       0x30
 *(.ARM.attributes)
 .ARM.attributes
                0x0000000000000000       0x22 c:/st/stm32cubeide_1.4.0/stm32cubeide/plugins/com.st.stm32cube.ide.mcu.externaltools.gnu-tools-for-stm32.7-2018-q2-update.win32_1.4.0.202007081208/tools/bin/../lib/gcc/arm-none-eabi/7.3.1/thumb/v7e-m/fpv4-sp/hard/crti.o
 .ARM.attributes
                0x0000000000000022       0x34 c:/st/stm32cubeide_1.4.0/stm32cubeide/plugins/com.st.stm32cube.ide.mcu.externaltools.gnu-tools-for-stm32.7-2018-q2-update.win32_1.4.0.202007081208/tools/bin/../lib/gcc/arm-none-eabi/7.3.1/thumb/v7e-m/fpv4-sp/hard/crtbegin.o
 .ARM.attributes
                0x0000000000000056       0x39 Core/Src/RadioFunctions.o
 .ARM.attributes
                0x000000000000008f       0x39 Core/Src/clock.o
 .ARM.attributes
                0x00000000000000c8       0x39 Core/Src/gpio.o
 .ARM.attributes
                0x0000000000000101       0x39 Core/Src/main.o
 .ARM.attributes
                0x000000000000013a       0x39 Core/Src/nrf24.o
 .ARM.attributes
                0x0000000000000173       0x39 Core/Src/spi.o
 .ARM.attributes
                0x00000000000001ac       0x39 Core/Src/stm32l4xx_it.o
 .ARM.attributes
                0x00000000000001e5       0x39 Core/Src/system_stm32l4xx.o
 .ARM.attributes
                0x000000000000021e       0x39 Core/Src/usart.o
 .ARM.attributes
                0x0000000000000257       0x21 Core/Startup/startup_stm32l476rgtx.o
 .ARM.attributes
                0x0000000000000278       0x39 Drivers/STM32L4xx_HAL_Driver/Src/stm32l4xx_ll_exti.o
 .ARM.attributes
                0x00000000000002b1       0x39 Drivers/STM32L4xx_HAL_Driver/Src/stm32l4xx_ll_gpio.o
 .ARM.attributes
                0x00000000000002ea       0x39 Drivers/STM32L4xx_HAL_Driver/Src/stm32l4xx_ll_rcc.o
 .ARM.attributes
                0x0000000000000323       0x39 Drivers/STM32L4xx_HAL_Driver/Src/stm32l4xx_ll_spi.o
 .ARM.attributes
                0x000000000000035c       0x39 Drivers/STM32L4xx_HAL_Driver/Src/stm32l4xx_ll_usart.o
 .ARM.attributes
                0x0000000000000395       0x39 Drivers/STM32L4xx_HAL_Driver/Src/stm32l4xx_ll_utils.o
 .ARM.attributes
                0x00000000000003ce       0x34 c:/st/stm32cubeide_1.4.0/stm32cubeide/plugins/com.st.stm32cube.ide.mcu.externaltools.gnu-tools-for-stm32.7-2018-q2-update.win32_1.4.0.202007081208/tools/bin/../lib/gcc/arm-none-eabi/7.3.1/../../../../arm-none-eabi/lib/thumb/v7e-m/fpv4-sp/hard\libc_nano.a(lib_a-init.o)
 .ARM.attributes
                0x0000000000000402       0x34 c:/st/stm32cubeide_1.4.0/stm32cubeide/plugins/com.st.stm32cube.ide.mcu.externaltools.gnu-tools-for-stm32.7-2018-q2-update.win32_1.4.0.202007081208/tools/bin/../lib/gcc/arm-none-eabi/7.3.1/../../../../arm-none-eabi/lib/thumb/v7e-m/fpv4-sp/hard\libc_nano.a(lib_a-memset.o)
 .ARM.attributes
                0x0000000000000436       0x22 c:/st/stm32cubeide_1.4.0/stm32cubeide/plugins/com.st.stm32cube.ide.mcu.externaltools.gnu-tools-for-stm32.7-2018-q2-update.win32_1.4.0.202007081208/tools/bin/../lib/gcc/arm-none-eabi/7.3.1/thumb/v7e-m/fpv4-sp/hard/crtn.o
OUTPUT(L476_nRF24L01_MultiCeiver_PTX.elf elf32-littlearm)

.debug_info     0x0000000000000000     0x87be
 .debug_info    0x0000000000000000      0x742 Core/Src/RadioFunctions.o
 .debug_info    0x0000000000000742      0xd1d Core/Src/clock.o
 .debug_info    0x000000000000145f      0xeed Core/Src/gpio.o
 .debug_info    0x000000000000234c      0x806 Core/Src/main.o
 .debug_info    0x0000000000002b52      0xcd3 Core/Src/nrf24.o
 .debug_info    0x0000000000003825      0x64b Core/Src/spi.o
 .debug_info    0x0000000000003e70      0x32e Core/Src/stm32l4xx_it.o
 .debug_info    0x000000000000419e      0x5b4 Core/Src/system_stm32l4xx.o
 .debug_info    0x0000000000004752      0x80b Core/Src/usart.o
 .debug_info    0x0000000000004f5d       0x22 Core/Startup/startup_stm32l476rgtx.o
 .debug_info    0x0000000000004f7f      0x56b Drivers/STM32L4xx_HAL_Driver/Src/stm32l4xx_ll_exti.o
 .debug_info    0x00000000000054ea      0xa87 Drivers/STM32L4xx_HAL_Driver/Src/stm32l4xx_ll_gpio.o
 .debug_info    0x0000000000005f71      0xe25 Drivers/STM32L4xx_HAL_Driver/Src/stm32l4xx_ll_rcc.o
 .debug_info    0x0000000000006d96      0x615 Drivers/STM32L4xx_HAL_Driver/Src/stm32l4xx_ll_spi.o
 .debug_info    0x00000000000073ab      0x7f2 Drivers/STM32L4xx_HAL_Driver/Src/stm32l4xx_ll_usart.o
 .debug_info    0x0000000000007b9d      0xc21 Drivers/STM32L4xx_HAL_Driver/Src/stm32l4xx_ll_utils.o

.debug_abbrev   0x0000000000000000     0x1b9a
 .debug_abbrev  0x0000000000000000      0x225 Core/Src/RadioFunctions.o
 .debug_abbrev  0x0000000000000225      0x1b7 Core/Src/clock.o
 .debug_abbrev  0x00000000000003dc      0x27f Core/Src/gpio.o
 .debug_abbrev  0x000000000000065b      0x1bc Core/Src/main.o
 .debug_abbrev  0x0000000000000817      0x2c5 Core/Src/nrf24.o
 .debug_abbrev  0x0000000000000adc      0x15d Core/Src/spi.o
 .debug_abbrev  0x0000000000000c39      0x155 Core/Src/stm32l4xx_it.o
 .debug_abbrev  0x0000000000000d8e      0x134 Core/Src/system_stm32l4xx.o
 .debug_abbrev  0x0000000000000ec2      0x1a4 Core/Src/usart.o
 .debug_abbrev  0x0000000000001066       0x12 Core/Startup/startup_stm32l476rgtx.o
 .debug_abbrev  0x0000000000001078      0x19e Drivers/STM32L4xx_HAL_Driver/Src/stm32l4xx_ll_exti.o
 .debug_abbrev  0x0000000000001216      0x225 Drivers/STM32L4xx_HAL_Driver/Src/stm32l4xx_ll_gpio.o
 .debug_abbrev  0x000000000000143b      0x1e1 Drivers/STM32L4xx_HAL_Driver/Src/stm32l4xx_ll_rcc.o
 .debug_abbrev  0x000000000000161c      0x195 Drivers/STM32L4xx_HAL_Driver/Src/stm32l4xx_ll_spi.o
 .debug_abbrev  0x00000000000017b1      0x1b1 Drivers/STM32L4xx_HAL_Driver/Src/stm32l4xx_ll_usart.o
 .debug_abbrev  0x0000000000001962      0x238 Drivers/STM32L4xx_HAL_Driver/Src/stm32l4xx_ll_utils.o

.debug_aranges  0x0000000000000000      0xad8
 .debug_aranges
                0x0000000000000000       0x98 Core/Src/RadioFunctions.o
 .debug_aranges
                0x0000000000000098       0xa0 Core/Src/clock.o
 .debug_aranges
                0x0000000000000138       0x88 Core/Src/gpio.o
 .debug_aranges
                0x00000000000001c0       0x50 Core/Src/main.o
 .debug_aranges
                0x0000000000000210      0x1c0 Core/Src/nrf24.o
 .debug_aranges
                0x00000000000003d0       0x40 Core/Src/spi.o
 .debug_aranges
                0x0000000000000410       0x70 Core/Src/stm32l4xx_it.o
 .debug_aranges
                0x0000000000000480       0x28 Core/Src/system_stm32l4xx.o
 .debug_aranges
                0x00000000000004a8       0x78 Core/Src/usart.o
 .debug_aranges
                0x0000000000000520       0x28 Core/Startup/startup_stm32l476rgtx.o
 .debug_aranges
                0x0000000000000548       0xb0 Drivers/STM32L4xx_HAL_Driver/Src/stm32l4xx_ll_exti.o
 .debug_aranges
                0x00000000000005f8       0x70 Drivers/STM32L4xx_HAL_Driver/Src/stm32l4xx_ll_gpio.o
 .debug_aranges
                0x0000000000000668      0x250 Drivers/STM32L4xx_HAL_Driver/Src/stm32l4xx_ll_rcc.o
 .debug_aranges
                0x00000000000008b8       0x60 Drivers/STM32L4xx_HAL_Driver/Src/stm32l4xx_ll_spi.o
 .debug_aranges
                0x0000000000000918       0x88 Drivers/STM32L4xx_HAL_Driver/Src/stm32l4xx_ll_usart.o
 .debug_aranges
                0x00000000000009a0      0x138 Drivers/STM32L4xx_HAL_Driver/Src/stm32l4xx_ll_utils.o

.debug_ranges   0x0000000000000000      0x9e0
 .debug_ranges  0x0000000000000000       0x88 Core/Src/RadioFunctions.o
 .debug_ranges  0x0000000000000088       0x90 Core/Src/clock.o
 .debug_ranges  0x0000000000000118       0x78 Core/Src/gpio.o
 .debug_ranges  0x0000000000000190       0x40 Core/Src/main.o
 .debug_ranges  0x00000000000001d0      0x1b0 Core/Src/nrf24.o
 .debug_ranges  0x0000000000000380       0x30 Core/Src/spi.o
 .debug_ranges  0x00000000000003b0       0x60 Core/Src/stm32l4xx_it.o
 .debug_ranges  0x0000000000000410       0x18 Core/Src/system_stm32l4xx.o
 .debug_ranges  0x0000000000000428       0x68 Core/Src/usart.o
 .debug_ranges  0x0000000000000490       0x20 Core/Startup/startup_stm32l476rgtx.o
 .debug_ranges  0x00000000000004b0       0xa0 Drivers/STM32L4xx_HAL_Driver/Src/stm32l4xx_ll_exti.o
 .debug_ranges  0x0000000000000550       0x60 Drivers/STM32L4xx_HAL_Driver/Src/stm32l4xx_ll_gpio.o
 .debug_ranges  0x00000000000005b0      0x240 Drivers/STM32L4xx_HAL_Driver/Src/stm32l4xx_ll_rcc.o
 .debug_ranges  0x00000000000007f0       0x50 Drivers/STM32L4xx_HAL_Driver/Src/stm32l4xx_ll_spi.o
 .debug_ranges  0x0000000000000840       0x78 Drivers/STM32L4xx_HAL_Driver/Src/stm32l4xx_ll_usart.o
 .debug_ranges  0x00000000000008b8      0x128 Drivers/STM32L4xx_HAL_Driver/Src/stm32l4xx_ll_utils.o

.debug_macro    0x0000000000000000    0x202a1
 .debug_macro   0x0000000000000000      0x132 Core/Src/RadioFunctions.o
 .debug_macro   0x0000000000000132      0xaa8 Core/Src/RadioFunctions.o
 .debug_macro   0x0000000000000bda       0x76 Core/Src/RadioFunctions.o
 .debug_macro   0x0000000000000c50       0x2e Core/Src/RadioFunctions.o
 .debug_macro   0x0000000000000c7e       0x28 Core/Src/RadioFunctions.o
 .debug_macro   0x0000000000000ca6       0x22 Core/Src/RadioFunctions.o
 .debug_macro   0x0000000000000cc8       0x8e Core/Src/RadioFunctions.o
 .debug_macro   0x0000000000000d56       0x51 Core/Src/RadioFunctions.o
 .debug_macro   0x0000000000000da7       0xef Core/Src/RadioFunctions.o
 .debug_macro   0x0000000000000e96       0x6a Core/Src/RadioFunctions.o
 .debug_macro   0x0000000000000f00      0x1df Core/Src/RadioFunctions.o
 .debug_macro   0x00000000000010df       0x1c Core/Src/RadioFunctions.o
 .debug_macro   0x00000000000010fb       0x22 Core/Src/RadioFunctions.o
 .debug_macro   0x000000000000111d      0x101 Core/Src/RadioFunctions.o
 .debug_macro   0x000000000000121e     0x1011 Core/Src/RadioFunctions.o
 .debug_macro   0x000000000000222f      0x11f Core/Src/RadioFunctions.o
 .debug_macro   0x000000000000234e    0x1a13d Core/Src/RadioFunctions.o
 .debug_macro   0x000000000001c48b       0x43 Core/Src/RadioFunctions.o
 .debug_macro   0x000000000001c4ce      0x164 Core/Src/RadioFunctions.o
 .debug_macro   0x000000000001c632      0x1d3 Core/Src/RadioFunctions.o
 .debug_macro   0x000000000001c805      0x2f7 Core/Src/RadioFunctions.o
 .debug_macro   0x000000000001cafc       0xa7 Core/Src/RadioFunctions.o
 .debug_macro   0x000000000001cba3       0x76 Core/Src/RadioFunctions.o
 .debug_macro   0x000000000001cc19      0x186 Core/Src/RadioFunctions.o
 .debug_macro   0x000000000001cd9f       0x10 Core/Src/RadioFunctions.o
 .debug_macro   0x000000000001cdaf      0x10e Core/Src/clock.o
 .debug_macro   0x000000000001cebd      0x1b9 Core/Src/clock.o
 .debug_macro   0x000000000001d076      0x716 Core/Src/clock.o
 .debug_macro   0x000000000001d78c      0x208 Core/Src/clock.o
 .debug_macro   0x000000000001d994      0x1a7 Core/Src/clock.o
 .debug_macro   0x000000000001db3b      0x2f5 Core/Src/clock.o
 .debug_macro   0x000000000001de30      0x101 Core/Src/gpio.o
 .debug_macro   0x000000000001df31      0x16a Core/Src/gpio.o
 .debug_macro   0x000000000001e09b      0x164 Core/Src/gpio.o
 .debug_macro   0x000000000001e1ff      0x19b Core/Src/main.o
 .debug_macro   0x000000000001e39a      0x1bf Core/Src/main.o
 .debug_macro   0x000000000001e559      0x2cb Core/Src/main.o
 .debug_macro   0x000000000001e824       0x22 Core/Src/main.o
 .debug_macro   0x000000000001e846      0x11f Core/Src/nrf24.o
 .debug_macro   0x000000000001e965      0x102 Core/Src/spi.o
 .debug_macro   0x000000000001ea67      0x154 Core/Src/stm32l4xx_it.o
 .debug_macro   0x000000000001ebbb       0xd4 Core/Src/system_stm32l4xx.o
 .debug_macro   0x000000000001ec8f       0xff Core/Src/usart.o
 .debug_macro   0x000000000001ed8e      0x2f1 Core/Src/usart.o
 .debug_macro   0x000000000001f07f       0xfb Drivers/STM32L4xx_HAL_Driver/Src/stm32l4xx_ll_exti.o
 .debug_macro   0x000000000001f17a      0x15e Drivers/STM32L4xx_HAL_Driver/Src/stm32l4xx_ll_exti.o
 .debug_macro   0x000000000001f2d8      0x110 Drivers/STM32L4xx_HAL_Driver/Src/stm32l4xx_ll_gpio.o
 .debug_macro   0x000000000001f3e8      0x12b Drivers/STM32L4xx_HAL_Driver/Src/stm32l4xx_ll_rcc.o
 .debug_macro   0x000000000001f513      0x710 Drivers/STM32L4xx_HAL_Driver/Src/stm32l4xx_ll_rcc.o
 .debug_macro   0x000000000001fc23      0x12e Drivers/STM32L4xx_HAL_Driver/Src/stm32l4xx_ll_spi.o
 .debug_macro   0x000000000001fd51      0x1cd Drivers/STM32L4xx_HAL_Driver/Src/stm32l4xx_ll_spi.o
 .debug_macro   0x000000000001ff1e      0x143 Drivers/STM32L4xx_HAL_Driver/Src/stm32l4xx_ll_usart.o
 .debug_macro   0x0000000000020061      0x19f Drivers/STM32L4xx_HAL_Driver/Src/stm32l4xx_ll_utils.o
 .debug_macro   0x0000000000020200       0xa1 Drivers/STM32L4xx_HAL_Driver/Src/stm32l4xx_ll_utils.o

.debug_line     0x0000000000000000     0x6eb0
 .debug_line    0x0000000000000000      0x6bd Core/Src/RadioFunctions.o
 .debug_line    0x00000000000006bd      0x6a5 Core/Src/clock.o
 .debug_line    0x0000000000000d62      0x6b4 Core/Src/gpio.o
 .debug_line    0x0000000000001416      0x697 Core/Src/main.o
 .debug_line    0x0000000000001aad      0xa07 Core/Src/nrf24.o
 .debug_line    0x00000000000024b4      0x540 Core/Src/spi.o
 .debug_line    0x00000000000029f4      0x69a Core/Src/stm32l4xx_it.o
 .debug_line    0x000000000000308e      0x496 Core/Src/system_stm32l4xx.o
 .debug_line    0x0000000000003524      0x617 Core/Src/usart.o
 .debug_line    0x0000000000003b3b       0x87 Core/Startup/startup_stm32l476rgtx.o
 .debug_line    0x0000000000003bc2      0x651 Drivers/STM32L4xx_HAL_Driver/Src/stm32l4xx_ll_exti.o
 .debug_line    0x0000000000004213      0x6a8 Drivers/STM32L4xx_HAL_Driver/Src/stm32l4xx_ll_gpio.o
 .debug_line    0x00000000000048bb     0x112f Drivers/STM32L4xx_HAL_Driver/Src/stm32l4xx_ll_rcc.o
 .debug_line    0x00000000000059ea      0x599 Drivers/STM32L4xx_HAL_Driver/Src/stm32l4xx_ll_spi.o
 .debug_line    0x0000000000005f83      0x63b Drivers/STM32L4xx_HAL_Driver/Src/stm32l4xx_ll_usart.o
 .debug_line    0x00000000000065be      0x8f2 Drivers/STM32L4xx_HAL_Driver/Src/stm32l4xx_ll_utils.o

.debug_str      0x0000000000000000    0xaf956
 .debug_str     0x0000000000000000    0xa1b3e Core/Src/RadioFunctions.o
                                      0xa1d04 (size before relaxing)
 .debug_str     0x00000000000a1b3e     0x7970 Core/Src/clock.o
                                      0xa6240 (size before relaxing)
 .debug_str     0x00000000000a94ae      0x956 Core/Src/gpio.o
                                      0xa1efa (size before relaxing)
 .debug_str     0x00000000000a9e04     0x1c95 Core/Src/main.o
                                      0xaaee9 (size before relaxing)
 .debug_str     0x00000000000aba99      0x43c Core/Src/nrf24.o
                                      0xa1e31 (size before relaxing)
 .debug_str     0x00000000000abed5       0xc0 Core/Src/spi.o
                                      0xa0812 (size before relaxing)
 .debug_str     0x00000000000abf95      0x145 Core/Src/stm32l4xx_it.o
                                      0xa9f5c (size before relaxing)
 .debug_str     0x00000000000ac0da       0x79 Core/Src/system_stm32l4xx.o
                                      0x9e64d (size before relaxing)
 .debug_str     0x00000000000ac153      0x156 Core/Src/usart.o
                                      0xa0c5a (size before relaxing)
 .debug_str     0x00000000000ac2a9       0x36 Core/Startup/startup_stm32l476rgtx.o
                                         0x9e (size before relaxing)
 .debug_str     0x00000000000ac2df      0x456 Drivers/STM32L4xx_HAL_Driver/Src/stm32l4xx_ll_exti.o
                                      0x9f05e (size before relaxing)
 .debug_str     0x00000000000ac735      0x63d Drivers/STM32L4xx_HAL_Driver/Src/stm32l4xx_ll_gpio.o
                                      0xa002e (size before relaxing)
 .debug_str     0x00000000000acd72      0xd19 Drivers/STM32L4xx_HAL_Driver/Src/stm32l4xx_ll_rcc.o
                                      0xa2d57 (size before relaxing)
 .debug_str     0x00000000000ada8b      0x989 Drivers/STM32L4xx_HAL_Driver/Src/stm32l4xx_ll_spi.o
                                      0xa06e4 (size before relaxing)
 .debug_str     0x00000000000ae414      0x831 Drivers/STM32L4xx_HAL_Driver/Src/stm32l4xx_ll_usart.o
                                      0xa457e (size before relaxing)
 .debug_str     0x00000000000aec45      0xd11 Drivers/STM32L4xx_HAL_Driver/Src/stm32l4xx_ll_utils.o
                                      0xa5313 (size before relaxing)

.comment        0x0000000000000000       0x7b
 .comment       0x0000000000000000       0x7b Core/Src/RadioFunctions.o
                                         0x7c (size before relaxing)
 .comment       0x000000000000007b       0x7c Core/Src/clock.o
 .comment       0x000000000000007b       0x7c Core/Src/gpio.o
 .comment       0x000000000000007b       0x7c Core/Src/main.o
 .comment       0x000000000000007b       0x7c Core/Src/nrf24.o
 .comment       0x000000000000007b       0x7c Core/Src/spi.o
 .comment       0x000000000000007b       0x7c Core/Src/stm32l4xx_it.o
 .comment       0x000000000000007b       0x7c Core/Src/system_stm32l4xx.o
 .comment       0x000000000000007b       0x7c Core/Src/usart.o
 .comment       0x000000000000007b       0x7c Drivers/STM32L4xx_HAL_Driver/Src/stm32l4xx_ll_exti.o
 .comment       0x000000000000007b       0x7c Drivers/STM32L4xx_HAL_Driver/Src/stm32l4xx_ll_gpio.o
 .comment       0x000000000000007b       0x7c Drivers/STM32L4xx_HAL_Driver/Src/stm32l4xx_ll_rcc.o
 .comment       0x000000000000007b       0x7c Drivers/STM32L4xx_HAL_Driver/Src/stm32l4xx_ll_spi.o
 .comment       0x000000000000007b       0x7c Drivers/STM32L4xx_HAL_Driver/Src/stm32l4xx_ll_usart.o
 .comment       0x000000000000007b       0x7c Drivers/STM32L4xx_HAL_Driver/Src/stm32l4xx_ll_utils.o

.debug_frame    0x0000000000000000     0x2b1c
 .debug_frame   0x0000000000000000      0x238 Core/Src/RadioFunctions.o
 .debug_frame   0x0000000000000238      0x278 Core/Src/clock.o
 .debug_frame   0x00000000000004b0      0x224 Core/Src/gpio.o
 .debug_frame   0x00000000000006d4      0x10c Core/Src/main.o
 .debug_frame   0x00000000000007e0      0x744 Core/Src/nrf24.o
 .debug_frame   0x0000000000000f24       0xd4 Core/Src/spi.o
 .debug_frame   0x0000000000000ff8      0x15c Core/Src/stm32l4xx_it.o
 .debug_frame   0x0000000000001154       0x58 Core/Src/system_stm32l4xx.o
 .debug_frame   0x00000000000011ac      0x1d8 Core/Src/usart.o
 .debug_frame   0x0000000000001384      0x2fc Drivers/STM32L4xx_HAL_Driver/Src/stm32l4xx_ll_exti.o
 .debug_frame   0x0000000000001680      0x1c0 Drivers/STM32L4xx_HAL_Driver/Src/stm32l4xx_ll_gpio.o
 .debug_frame   0x0000000000001840      0x9f0 Drivers/STM32L4xx_HAL_Driver/Src/stm32l4xx_ll_rcc.o
 .debug_frame   0x0000000000002230      0x170 Drivers/STM32L4xx_HAL_Driver/Src/stm32l4xx_ll_spi.o
 .debug_frame   0x00000000000023a0      0x234 Drivers/STM32L4xx_HAL_Driver/Src/stm32l4xx_ll_usart.o
 .debug_frame   0x00000000000025d4      0x4fc Drivers/STM32L4xx_HAL_Driver/Src/stm32l4xx_ll_utils.o
 .debug_frame   0x0000000000002ad0       0x2c c:/st/stm32cubeide_1.4.0/stm32cubeide/plugins/com.st.stm32cube.ide.mcu.externaltools.gnu-tools-for-stm32.7-2018-q2-update.win32_1.4.0.202007081208/tools/bin/../lib/gcc/arm-none-eabi/7.3.1/../../../../arm-none-eabi/lib/thumb/v7e-m/fpv4-sp/hard\libc_nano.a(lib_a-init.o)
 .debug_frame   0x0000000000002afc       0x20 c:/st/stm32cubeide_1.4.0/stm32cubeide/plugins/com.st.stm32cube.ide.mcu.externaltools.gnu-tools-for-stm32.7-2018-q2-update.win32_1.4.0.202007081208/tools/bin/../lib/gcc/arm-none-eabi/7.3.1/../../../../arm-none-eabi/lib/thumb/v7e-m/fpv4-sp/hard\libc_nano.a(lib_a-memset.o)
